Archive member included to satisfy reference by file (symbol)

/opt/devkitpro/libnds/lib/libfilesystem.a(nitrofs.o)
                              ../menu/src/Main.o (nitroFSInit)
/opt/devkitpro/libnds/lib/libfat.a(libfat.o)
                              /opt/devkitpro/libnds/lib/libfilesystem.a(nitrofs.o) (fatInitDefault)
/opt/devkitpro/libnds/lib/libfat.a(disc.o)
                              /opt/devkitpro/libnds/lib/libfat.a(libfat.o) (_FAT_disc_interfaces)
/opt/devkitpro/libnds/lib/libfat.a(fatfile.o)
                              /opt/devkitpro/libnds/lib/libfat.a(libfat.o) (_FAT_open_r)
/opt/devkitpro/libnds/lib/libfat.a(cache.o)
                              /opt/devkitpro/libnds/lib/libfat.a(fatfile.o) (_FAT_cache_readSectors)
/opt/devkitpro/libnds/lib/libfat.a(fatdir.o)
                              /opt/devkitpro/libnds/lib/libfat.a(libfat.o) (_FAT_stat_r)
/opt/devkitpro/libnds/lib/libfat.a(directory.o)
                              /opt/devkitpro/libnds/lib/libfat.a(fatfile.o) (_FAT_directory_entryGetCluster)
/opt/devkitpro/libnds/lib/libfat.a(partition.o)
                              /opt/devkitpro/libnds/lib/libfat.a(libfat.o) (_FAT_partition_destructor)
/opt/devkitpro/libnds/lib/libfat.a(lock.o)
                              /opt/devkitpro/libnds/lib/libfat.a(partition.o) (_FAT_lock_init)
/opt/devkitpro/libnds/lib/libfat.a(filetime.o)
                              /opt/devkitpro/libnds/lib/libfat.a(fatfile.o) (_FAT_filetime_getTimeFromRTC)
/opt/devkitpro/libnds/lib/libfat.a(file_allocation_table.o)
                              /opt/devkitpro/libnds/lib/libfat.a(fatfile.o) (_FAT_fat_nextCluster)
/opt/devkitpro/libnds/lib/libnds9.a(dynamicArray.o)
                              ../GL1Common/Renderer_RasterizationGL1.o (DynamicArrayGet)
/opt/devkitpro/libnds/lib/libnds9.a(videoGL.o)
                              ../base3d/src/nitro/NitroGLRenderer.o (glInit_C)
/opt/devkitpro/libnds/lib/libnds9.a(keys.o)
                              ../base3d/src/nitro/NitroGLRenderer.o (scanKeys)
/opt/devkitpro/libnds/lib/libnds9.a(dldi.o)
                              /opt/devkitpro/libnds/lib/libfat.a(disc.o) (dldiGetInternal)
/opt/devkitpro/libnds/lib/libnds9.a(initSystem.o)
                              /opt/devkitpro/devkitARM/bin/../lib/gcc/arm-none-eabi/12.2.0/../../../../arm-none-eabi/lib/ds_arm9_crt0.o (initSystem)
/opt/devkitpro/libnds/lib/libnds9.a(securearea.o)
                              /opt/devkitpro/devkitARM/bin/../lib/gcc/arm-none-eabi/12.2.0/../../../../arm-none-eabi/lib/ds_arm9_crt0.o (__secure_area__)
/opt/devkitpro/libnds/lib/libnds9.a(interrupts.o)
                              /opt/devkitpro/libnds/lib/libnds9.a(initSystem.o) (irqInit)
/opt/devkitpro/libnds/lib/libnds9.a(libnds_exit.arm.o)
                              /opt/devkitpro/devkitARM/bin/../lib/gcc/arm-none-eabi/12.2.0/../../../../arm-none-eabi/lib/ds_arm9_crt0.o (__libnds_exit)
/opt/devkitpro/libnds/lib/libnds9.a(card.o)
                              /opt/devkitpro/libnds/lib/libfilesystem.a(nitrofs.o) (cardParamCommand)
/opt/devkitpro/libnds/lib/libnds9.a(fifosystem.o)
                              /opt/devkitpro/libnds/lib/libnds9.a(initSystem.o) (fifoSetValue32Handler)
/opt/devkitpro/libnds/lib/libnds9.a(dldi_stub.o)
                              /opt/devkitpro/libnds/lib/libnds9.a(dldi.o) (_io_dldi_stub)
/opt/devkitpro/libnds/lib/libnds9.a(mpu_setup.o)
                              /opt/devkitpro/devkitARM/bin/../lib/gcc/arm-none-eabi/12.2.0/../../../../arm-none-eabi/lib/ds_arm9_crt0.o (__libnds_mpu_setup)
/opt/devkitpro/libnds/lib/libnds9.a(IntrWait.o)
                              ../base3d/src/nitro/NitroGLRenderer.o (swiWaitForVBlank)
/opt/devkitpro/libnds/lib/libnds9.a(cpu_clock.o)
                              /opt/devkitpro/libnds/lib/libnds9.a(initSystem.o) (setCpuClock)
/opt/devkitpro/libnds/lib/libnds9.a(interruptDispatcher.o)
                              /opt/devkitpro/libnds/lib/libnds9.a(interrupts.o) (IntrMain)
/opt/devkitpro/libnds/lib/libnds9.a(biosCalls.o)
                              /opt/devkitpro/libnds/lib/libnds9.a(card.o) (swiDelay)
/opt/devkitpro/libnds/lib/libnds9.a(swiSoftReset.o)
                              /opt/devkitpro/libnds/lib/libnds9.a(fifosystem.o) (swiSoftReset)
/opt/devkitpro/libnds/lib/libnds9.a(trig.o)
                              /opt/devkitpro/libnds/lib/libnds9.a(videoGL.o) (sinLerp)
/opt/devkitpro/libnds/lib/libnds9.a(video.o)
                              /opt/devkitpro/libnds/lib/libnds9.a(videoGL.o) (vramSetBanks_EFG)
/opt/devkitpro/libnds/lib/libnds9.a(system.o)
                              /opt/devkitpro/libnds/lib/libnds9.a(initSystem.o) (systemValueHandler)
/opt/devkitpro/libnds/lib/libnds9.a(sd.twl.o)
                              /opt/devkitpro/libnds/lib/libnds9.a(dldi.o) (__io_dsisd)
/opt/devkitpro/libnds/lib/libnds9.a(dcache.o)
                              /opt/devkitpro/libnds/lib/libnds9.a(sd.twl.o) (DC_FlushRange)
[...]
Memory Configuration

Name             Origin             Length             Attributes
ewram            0x0000000002000000 0x0000000000380000
dtcm             0x0000000002ff0000 0x0000000000004000
vectors          0x0000000001000000 0x0000000000000100
itcm             0x0000000001000100 0x0000000000007f00
*default*        0x0000000000000000 0xffffffffffffffff

Linker script and memory map

                0x0000000002380000                __ewram_end = (ORIGIN (ewram) + LENGTH (ewram))
                0x0000000002380000                __eheap_end = (ORIGIN (ewram) + LENGTH (ewram))
                0x0000000002ff4000                __dtcm_top = (ORIGIN (dtcm) + LENGTH (dtcm))
                0x0000000002ff3ff8                __irq_flags = (__dtcm_top - 0x8)
                0x0000000002ff3ffc                __irq_vector = (__dtcm_top - 0x4)
                0x0000000002ff3f00                __sp_svc = (__dtcm_top - 0x100)
                0x0000000002ff3e00                __sp_irq = (__sp_svc - 0x100)
                0x0000000002ff3d00                __sp_usr = (__sp_irq - 0x100)

.secure         0x0000000002000000      0x800
 *(.secure)
 .secure        0x0000000002000000      0x800 /opt/devkitpro/libnds/lib/libnds9.a(securearea.o)
                0x0000000002000000                __secure_area__

.crt0           0x0000000002000800      0x300
                0x0000000002000800                __text_start = .
 *(.crt0)
 .crt0          0x0000000002000800      0x300 /opt/devkitpro/devkitARM/bin/../lib/gcc/arm-none-eabi/12.2.0/../../../../arm-none-eabi/lib/ds_arm9_crt0.o
                0x0000000002000800                _start
                0x0000000002000b00                . = ALIGN (0x4)

.plt
 *(.plt)

.init           0x0000000002000b00       0x18
 *(SORT_NONE(.init))
 .init          0x0000000002000b00        0xc /opt/devkitpro/devkitARM/bin/../lib/gcc/arm-none-eabi/12.2.0/crti.o
                0x0000000002000b00                _init
 .init          0x0000000002000b0c        0xc /opt/devkitpro/devkitARM/bin/../lib/gcc/arm-none-eabi/12.2.0/crtn.o

.text           0x0000000002000b40    0x323b0
 *(EXCLUDE_FILE(*.twl* *.vectors* *.itcm*) .text)
 .text          0x0000000002000b40      0x56c ../menu/src/MainMenu.o
                0x0000000002000b40                MainMenu_initStateCallback
                0x0000000002000c60                MainMenu_initialPaintCallback
                0x0000000002000c64                MainMenu_repaintCallback
                0x0000000002000f08                MainMenu_tickCallback
                0x000000000200106c                MainMenu_unloadStateCallback
 .text          0x00000000020010ac      0xc20 ../menu/src/Crawler.o
                0x00000000020010ac                Crawler_initStateCallback
                0x00000000020012ec                Crawler_initialPaintCallback
                0x00000000020012f0                Crawler_repaintCallback
                0x00000000020019b8                Crawler_tickCallback
                0x0000000002001ca4                Crawler_unloadStateCallback
 .text          0x0000000002001ccc      0x4b8 ../menu/src/HelpScreen.o
                0x0000000002001ccc                HelpScreen_initStateCallback
                0x0000000002001d50                HelpScreen_initialPaintCallback
                0x0000000002001d54                HelpScreen_repaintCallback
                0x0000000002002030                HelpScreen_tickCallback
                0x0000000002002180                HelpScreen_unloadStateCallback
 .text          0x0000000002002184      0x334 ../menu/src/BattleScreen.o
                0x0000000002002184                BattleScreen_initStateCallback
                0x00000000020021fc                BattleScreen_initialPaintCallback
                0x000000000200222c                BattleScreen_repaintCallback
                0x0000000002002388                BattleScreen_tickCallback
                0x0000000002002490                BattleScreen_unloadStateCallback
 .text          0x00000000020024b8      0x92c ../menu/src/CreditsScreen.o
                0x00000000020024b8                CreditsScreen_initStateCallback
                0x0000000002002594                CreditsScreen_initialPaintCallback
                0x0000000002002598                CreditsScreen_repaintCallback
                0x0000000002002c60                CreditsScreen_tickCallback
                0x0000000002002db4                CreditsScreen_unloadStateCallback
 .text          0x0000000002002de4      0x76c ../menu/src/GameMenu.o
                0x0000000002002de4                GameMenu_initStateCallback
                0x00000000020030d4                GameMenu_initialPaintCallback
                0x00000000020030d8                GameMenu_repaintCallback
                0x00000000020033a4                GameMenu_tickCallback
                0x0000000002003528                GameMenu_unloadStateCallback
 .text          0x0000000002003550      0x3a4 ../menu/src/Engine.o
                0x0000000002003550                countLines
                0x00000000020035a0                enterState
                0x0000000002003854                menuTick
 .text          0x00000000020038f4      0x1dc ../base3d/src/nitro/NitroGLRenderer.o
                0x00000000020038f4                graphicsInit
                0x0000000002003954                handleSystemEvents
                0x0000000002003ab8                graphicsShutdown
                0x0000000002003acc                flipRenderer
 .text          0x0000000002003ad0      0x110 ../base3d/src/CTile3DProperties.o
                0x0000000002003ad0                loadPropertyList
 .text          0x0000000002003be0      0x6d8 ../GL1Common/LoadBitmapGL1.o
                0x0000000002003be0                scaleBitmap
                0x0000000002003e14                submitBitmapToGPU
                0x0000000002003fc8                loadBitmap
                0x00000000020041dc                releaseBitmap
                0x0000000002004228                lerpFix
                0x000000000200426c                lerpInt
 .text          0x00000000020042b8     0x1d4c ../GL1Common/RendererGL1.o
                0x00000000020042b8                printMessageTo3DView
                0x00000000020042e0                getPaletteEntry
                0x00000000020042e4                enter2D
                0x0000000002004534                initGL
                0x000000000200457c                clearRenderer
                0x0000000002004590                startFrameGL
                0x000000000200460c                endFrameGL
                0x000000000200461c                setPerspective
                0x00000000020048b0                enter3D
                0x0000000002004afc                loadTileProperties
                0x0000000002004be0                loadTexturesForLevel
                0x0000000002004ca4                updateCursorForRenderer
                0x0000000002004cd4                drawMap
                0x0000000002004fd0                getInput
                0x0000000002004fe8                render
 .text          0x0000000002006004     0x16b0 ../GL1Common/Renderer_RasterizationGL1.o
                0x0000000002006004                maskWall
                0x0000000002006008                drawWall
                0x000000000200600c                drawMask
                0x0000000002006010                maskFloor
                0x0000000002006014                drawFloor
                0x0000000002006018                drawRect
                0x0000000002006230                fillTriangle
                0x0000000002006234                drawTexturedTriangle
                0x0000000002006238                fill
                0x00000000020068ec                drawBitmap
                0x0000000002006cf8                drawRepeatBitmap
                0x0000000002007164                drawTextAt
                0x0000000002007698                drawTextAtWithMarginWithFiltering
                0x00000000020076a4                drawTextAtWithMargin
                0x00000000020076b0                renderPageFlip
 .text          0x00000000020076b4     0x27b4 ../GL1Common/Renderer_TesselationGL1.o
                0x00000000020076b4                clearTextures
                0x00000000020076c8                makeTextureFrom
                0x0000000002007704                drawRampAt
                0x0000000002007de0                drawBillboardAt
                0x0000000002008120                drawColumnAt
                0x0000000002008c30                drawFloorAt
                0x0000000002008fa4                drawCeilingAt
                0x0000000002009320                drawLeftNear
                0x00000000020098c4                drawRightNear
 .text          0x0000000002009e68      0x404 ../base3d/src/VisibilityStrategy.o
                0x0000000002009e68                isValid
                0x0000000002009e88                transform
                0x0000000002009f48                castVisibility
 .text          0x000000000200a26c       0x3c ../../common/src/Vec.o
                0x000000000200a26c                initVec2i
                0x000000000200a278                initVec3
                0x000000000200a280                addToVec3
 .text          0x000000000200a2a8      0x1a4 ../../common/src/Common.o
                0x000000000200a2a8                clearVector
                0x000000000200a310                initVector
                0x000000000200a338                removeFromVector
                0x000000000200a3e0                pushVector
                0x000000000200a440                isBigEndian
                0x000000000200a448                toNativeEndianess
 .text          0x000000000200a44c       0x1c ../../common/src/MapWithCharKey.o
                0x000000000200a44c                getFromMap
                0x000000000200a454                setInMap
                0x000000000200a45c                clearMap
 .text          0x000000000200a468      0x63c ../../common/src/PackedFileReader.o
                0x000000000200a468                initFileReader
                0x000000000200a490                sizeOfFile
                0x000000000200a680                loadBinaryFileFromPath
                0x000000000200a8c0                openBinaryFileFromPath
 .text          0x000000000200aaa4      0x598 ../base3d/src/Events.o
                0x000000000200aaa4                clearMapCache
                0x000000000200aae4                onLevelLoaded
                0x000000000200ab58                tickMission
                0x000000000200abc8                setElement
                0x000000000200abe0                setActor
                0x000000000200abf8                setItem
                0x000000000200ac0c                loadMap
                0x000000000200ad30                renderTick
                0x000000000200ad34                loopTick
                0x000000000200af1c                initRoom
 .text          0x000000000200b03c      0x14c ../base3d/src/EDirection_Utils.o
                0x000000000200b03c                mapOffsetForDirection
                0x000000000200b0f0                leftOf
                0x000000000200b108                rightOf
                0x000000000200b148                oppositeOf
 .text          0x000000000200b188       0x14 ../SoundSystem/NullMusic.o
                0x000000000200b188                setupOPL2
                0x000000000200b18c                stopSounds
                0x000000000200b190                playSound
                0x000000000200b194                soundTick
                0x000000000200b198                muteSound
 .text          0x000000000200b19c      0xc30 ../base3d/src/Dungeon.o
                0x000000000200b19c                isPositionAllowed
                0x000000000200b1d8                dungeon_tick
                0x000000000200bbfc                dungeon_loadMap
 .text          0x000000000200bdcc      0x5b0 ../menu/src/UI.o
                0x000000000200bdcc                drawWindow
                0x000000000200beac                drawAppearingWindow
                0x000000000200c048                drawTextWindow
                0x000000000200c084                drawImageWindow
                0x000000000200c188                redrawHUD
 .text          0x000000000200c37c      0x630 ../menu/src/HackingScreen.o
                0x000000000200c37c                HackingScreen_initStateCallback
                0x000000000200c41c                HackingScreen_initialPaintCallback
                0x000000000200c420                HackingScreen_repaintCallback
                0x000000000200c7ac                HackingScreen_tickCallback
                0x000000000200c990                HackingScreen_unloadStateCallback
 .text          0x000000000200c9ac     0x12b8 ../../core/src/Derelict.o
                0x000000000200c9ac                useRegularFlush
                0x000000000200c9c4                cantBeUsedCallback
                0x000000000200c9dc                cantBeUsedWithOthersCallback
                0x000000000200c9f4                cantToggleCallback
                0x000000000200ca0c                useObjectToggleCallback
                0x000000000200ca28                useBootsWithMagneticCoupling
                0x000000000200ca84                useCloggedFlush
                0x000000000200cad0                reactorValveCallback
                0x000000000200cad8                useComputerRack
                0x000000000200cb34                useCardWithCardWriter
                0x000000000200cbb8                bombActivatedCallback
                0x000000000200cc3c                elevatorGoDownCallback
                0x000000000200cd00                elevatorGoUpCallback
                0x000000000200cdc4                useCommWithRank
                0x000000000200ce20                keycardDropCallback
                0x000000000200ce8c                keycardPickCallback
                0x000000000200cef8                bombControllerActivatedCallback
                0x000000000200cf7c                updateRankFromKeycards
                0x000000000200cfe8                initStation
 .text          0x000000000200dc64     0x1560 ../../core/src/Core.o
                0x000000000200dc64                writeToLog
                0x000000000200dc74                addItem
                0x000000000200dcd0                addRoom
                0x000000000200dd68                setErrorHandlerCallback
                0x000000000200dd78                getPlayerPosition
                0x000000000200dd84                setPlayerPosition
                0x000000000200dda0                isCloseToObject
                0x000000000200dddc                getGameStatus
                0x000000000200ddec                getPlayerItems
                0x000000000200de00                getItemNamed
                0x000000000200de64                getRoomByName
                0x000000000200ded0                addObjectToList
                0x000000000200df38                removeObjectFromList
                0x000000000200df78                removeObjectFromRoom
                0x000000000200dfe8                addObjectToRoom
                0x000000000200e0d8                dropObjectToRoom
                0x000000000200e198                pickObject
                0x000000000200e2d8                getPlayerRank
                0x000000000200e2e8                setPlayerRank
                0x000000000200e2f8                moveBy
                0x000000000200e6cc                pickObjectByName
                0x000000000200e748                dropObjectByName
                0x000000000200e7d0                hasItemInRoom
                0x000000000200e8d4                playerHasObject
                0x000000000200e934                isPlayerAtRoom
                0x000000000200e96c                getRoomDescription
                0x000000000200e990                getRoom
                0x000000000200e9a4                getItem
                0x000000000200e9b8                getPlayerRoom
                0x000000000200e9c8                useObjectNamed
                0x000000000200ea94                walkTo
                0x000000000200eb50                infoAboutItemNamed
                0x000000000200ec64                useObjectsTogether
                0x000000000200ee20                turnLeft
                0x000000000200ee48                turnRight
                0x000000000200ee64                setPlayerLocation
                0x000000000200ee74                walkBy
                0x000000000200f04c                getPlayerDirection
                0x000000000200f05c                addToRoom
                0x000000000200f10c                setLoggerDelegate
                0x000000000200f11c                setPlayerDirection
                0x000000000200f12c                setGameStatus
                0x000000000200f13c                initCore
 .text          0x000000000200f1c4      0x214 ../../core/src/Parser.o
                0x000000000200f1c4                parseCommand
 *fill*         0x000000000200f3d8       0x28 ff
 .text          0x000000000200f400     0x4000 /opt/devkitpro/libnds/lib/libnds9.a(dldi_stub.o)
                0x000000000200f400                _io_dldi_stub
 .text          0x0000000002013400      0x114 /opt/devkitpro/devkitARM/bin/../lib/gcc/arm-none-eabi/12.2.0/libgcc.a(_udivsi3.o)
                0x0000000002013400                __udivsi3
                0x0000000002013400                __aeabi_uidiv
                0x00000000020134f4                __aeabi_uidivmod
 .text          0x0000000002013514      0x148 /opt/devkitpro/devkitARM/bin/../lib/gcc/arm-none-eabi/12.2.0/libgcc.a(_divsi3.o)
                0x0000000002013514                __aeabi_idiv
                0x0000000002013514                __divsi3
                0x000000000201363c                __aeabi_idivmod
 .text          0x000000000201365c        0x4 /opt/devkitpro/devkitARM/bin/../lib/gcc/arm-none-eabi/12.2.0/libgcc.a(_dvmd_tls.o)
                0x000000000201365c                __aeabi_ldiv0
                0x000000000201365c                __aeabi_idiv0
 .text          0x0000000002013660      0x2ac /opt/devkitpro/devkitARM/bin/../lib/gcc/arm-none-eabi/12.2.0/libgcc.a(_arm_addsubsf3.o)
                0x0000000002013660                __aeabi_frsub
                0x0000000002013668                __aeabi_fsub
                0x0000000002013668                __subsf3
                0x000000000201366c                __aeabi_fadd
                0x000000000201366c                __addsf3
                0x0000000002013828                __aeabi_ui2f
                0x0000000002013828                __floatunsisf
                0x0000000002013830                __floatsisf
                0x0000000002013830                __aeabi_i2f
                0x0000000002013850                __aeabi_ul2f
                0x0000000002013850                __floatundisf
                0x0000000002013860                __aeabi_l2f
                0x0000000002013860                __floatdisf
 .text          0x000000000201390c      0x2f8 /opt/devkitpro/devkitARM/bin/../lib/gcc/arm-none-eabi/12.2.0/libgcc.a(_arm_muldivsf3.o)
                0x000000000201390c                __mulsf3
                0x000000000201390c                __aeabi_fmul
                0x0000000002013aa4                __divsf3
                0x0000000002013aa4                __aeabi_fdiv
 .text          0x0000000002013c04       0x5c /opt/devkitpro/devkitARM/bin/../lib/gcc/arm-none-eabi/12.2.0/libgcc.a(_arm_fixsfsi.o)
                0x0000000002013c04                __fixsfsi
                0x0000000002013c04                __aeabi_f2iz
 .text          0x0000000002013c60       0x54 /opt/devkitpro/devkitARM/bin/../lib/gcc/arm-none-eabi/12.2.0/libgcc.a(_arm_fixunssfsi.o)
                0x0000000002013c60                __aeabi_f2uiz
                0x0000000002013c60                __fixunssfsi
 .text          0x0000000002013cb4       0xd4 /opt/devkitpro/devkitARM/bin/../lib/gcc/arm-none-eabi/12.2.0/libgcc.a(_aeabi_ldivmod.o)
                0x0000000002013cb4                __aeabi_ldivmod
 .text          0x0000000002013d88       0x28 /opt/devkitpro/devkitARM/bin/../lib/gcc/arm-none-eabi/12.2.0/libgcc.a(_clzdi2.o)
                0x0000000002013d88                __clzdi2
 .text          0x0000000002013db0       0x48 /opt/devkitpro/devkitARM/bin/../lib/gcc/arm-none-eabi/12.2.0/libgcc.a(_clzsi2.o)
                0x0000000002013db0                __clzsi2
 .text          0x0000000002013df8      0x224 /opt/devkitpro/devkitARM/bin/../lib/gcc/arm-none-eabi/12.2.0/../../../../arm-none-eabi/lib/libg.a(lib_a-strcmp.o)
                0x0000000002013df8                strcmp
 .text          0x000000000201401c      0x424 /opt/devkitpro/devkitARM/bin/../lib/gcc/arm-none-eabi/12.2.0/libgcc.a(_arm_addsubdf3.o)
                0x000000000201401c                __aeabi_drsub
                0x0000000002014024                __subdf3
                0x0000000002014024                __aeabi_dsub
                0x0000000002014028                __aeabi_dadd
                0x0000000002014028                __adddf3
                0x0000000002014338                __aeabi_ui2d
                0x0000000002014338                __floatunsidf
                0x000000000201435c                __floatsidf
                0x000000000201435c                __aeabi_i2d
                0x0000000002014384                __extendsfdf2
                0x0000000002014384                __aeabi_f2d
                0x00000000020143cc                __aeabi_ul2d
                0x00000000020143cc                __floatundidf
                0x00000000020143e0                __aeabi_l2d
                0x00000000020143e0                __floatdidf
 .text          0x0000000002014440      0x49c /opt/devkitpro/devkitARM/bin/../lib/gcc/arm-none-eabi/12.2.0/libgcc.a(_arm_muldivdf3.o)
                0x0000000002014440                __aeabi_dmul
                0x0000000002014440                __muldf3
                0x00000000020146d0                __aeabi_ddiv
                0x00000000020146d0                __divdf3
 .text          0x00000000020148dc      0x144 /opt/devkitpro/devkitARM/bin/../lib/gcc/arm-none-eabi/12.2.0/libgcc.a(_arm_cmpdf2.o)
                0x00000000020148dc                __gedf2
                0x00000000020148dc                __gtdf2
                0x00000000020148e4                __ledf2
                0x00000000020148e4                __ltdf2
                0x00000000020148ec                __cmpdf2
                0x00000000020148ec                __eqdf2
                0x00000000020148ec                __nedf2
                0x0000000002014974                __aeabi_cdrcmple
                0x0000000002014990                __aeabi_cdcmple
                0x0000000002014990                __aeabi_cdcmpeq
                0x00000000020149a8                __aeabi_dcmpeq
                0x00000000020149c0                __aeabi_dcmplt
                0x00000000020149d8                __aeabi_dcmple
                0x00000000020149f0                __aeabi_dcmpge
                0x0000000002014a08                __aeabi_dcmpgt
 .text          0x0000000002014a20       0x38 /opt/devkitpro/devkitARM/bin/../lib/gcc/arm-none-eabi/12.2.0/libgcc.a(_arm_unorddf2.o)
                0x0000000002014a20                __aeabi_dcmpun
                0x0000000002014a20                __unorddf2
 .text          0x0000000002014a58       0x5c /opt/devkitpro/devkitARM/bin/../lib/gcc/arm-none-eabi/12.2.0/libgcc.a(_arm_fixdfsi.o)
                0x0000000002014a58                __fixdfsi
                0x0000000002014a58                __aeabi_d2iz
 .text          0x0000000002014ab4       0x3c /opt/devkitpro/devkitARM/bin/../lib/gcc/arm-none-eabi/12.2.0/libgcc.a(_aeabi_uldivmod.o)
                0x0000000002014ab4                __aeabi_uldivmod
 *(EXCLUDE_FILE(*.twl* *.vectors* *.itcm*) .stub)
 *(EXCLUDE_FILE(*.twl* *.vectors* *.itcm*) .text.*)
 .text.__do_global_dtors_aux
                0x0000000002014af0       0x40 /opt/devkitpro/devkitARM/bin/../lib/gcc/arm-none-eabi/12.2.0/crtbegin.o
 .text.frame_dummy
                0x0000000002014b30       0x30 /opt/devkitpro/devkitARM/bin/../lib/gcc/arm-none-eabi/12.2.0/crtbegin.o
 .text.startup  0x0000000002014b60       0xd8 ../menu/src/Main.o
                0x0000000002014b60                main
 .text.nitroFSDirClose
                0x0000000002014c38        0x4 /opt/devkitpro/libnds/lib/libfilesystem.a(nitrofs.o)
 .text.nitroFSSeek
                0x0000000002014c3c       0x78 /opt/devkitpro/libnds/lib/libfilesystem.a(nitrofs.o)
 .text.nitroFSFstat
                0x0000000002014cb4       0x10 /opt/devkitpro/libnds/lib/libfilesystem.a(nitrofs.o)
 .text.nitroSubReadBlock
                0x0000000002014cc4       0x54 /opt/devkitpro/libnds/lib/libfilesystem.a(nitrofs.o)
 .text.nitroSubReadCard
                0x0000000002014d18       0xb0 /opt/devkitpro/libnds/lib/libfilesystem.a(nitrofs.o)
 .text.nitroFSClose
                0x0000000002014dc8        0x4 /opt/devkitpro/libnds/lib/libfilesystem.a(nitrofs.o)
 .text.nitroDirReset
                0x0000000002014dcc       0x9c /opt/devkitpro/libnds/lib/libfilesystem.a(nitrofs.o)
 .text.nitroFSRead
                0x0000000002014e68       0xbc /opt/devkitpro/libnds/lib/libfilesystem.a(nitrofs.o)
 .text.nitroFSDirNext
                0x0000000002014f24      0x30c /opt/devkitpro/libnds/lib/libfilesystem.a(nitrofs.o)
 .text.nitroFSDirOpen
                0x0000000002015230       0xe0 /opt/devkitpro/libnds/lib/libfilesystem.a(nitrofs.o)
 .text.nitroFSChdir
                0x0000000002015310       0x30 /opt/devkitpro/libnds/lib/libfilesystem.a(nitrofs.o)
 .text.nitroFSOpen
                0x0000000002015340       0xc4 /opt/devkitpro/libnds/lib/libfilesystem.a(nitrofs.o)
 .text.nitroFSstat
                0x0000000002015404       0x68 /opt/devkitpro/libnds/lib/libfilesystem.a(nitrofs.o)
 .text.nitroFSInit
                0x000000000201546c      0x12c /opt/devkitpro/libnds/lib/libfilesystem.a(nitrofs.o)
                0x000000000201546c                nitroFSInit
 .text.fatMount.part.0
                0x0000000002015598       0xa0 /opt/devkitpro/libnds/lib/libfat.a(libfat.o)
 .text.fatMount
                0x0000000002015638       0x3c /opt/devkitpro/libnds/lib/libfat.a(libfat.o)
                0x0000000002015638                fatMount
 .text.fatInit  0x0000000002015674      0x130 /opt/devkitpro/libnds/lib/libfat.a(libfat.o)
                0x0000000002015674                fatInit
 .text.fatInitDefault
                0x00000000020157a4        0xc /opt/devkitpro/libnds/lib/libfat.a(libfat.o)
                0x00000000020157a4                fatInitDefault
 .text._FAT_check_position_for_next_cluster.part.0
                0x00000000020157b0       0x68 /opt/devkitpro/libnds/lib/libfat.a(fatfile.o)
 .text._FAT_syncToDisc.part.0
                0x0000000002015818       0xd4 /opt/devkitpro/libnds/lib/libfat.a(fatfile.o)
 .text._FAT_file_extend_r
                0x00000000020158ec      0x208 /opt/devkitpro/libnds/lib/libfat.a(fatfile.o)
 .text._FAT_open_r
                0x0000000002015af4      0x2d4 /opt/devkitpro/libnds/lib/libfat.a(fatfile.o)
                0x0000000002015af4                _FAT_open_r
 .text._FAT_close_r
                0x0000000002015dc8       0x74 /opt/devkitpro/libnds/lib/libfat.a(fatfile.o)
                0x0000000002015dc8                _FAT_close_r
 .text._FAT_read_r
                0x0000000002015e3c      0x398 /opt/devkitpro/libnds/lib/libfat.a(fatfile.o)
                0x0000000002015e3c                _FAT_read_r
 .text._FAT_write_r
                0x00000000020161d4      0x53c /opt/devkitpro/libnds/lib/libfat.a(fatfile.o)
                0x00000000020161d4                _FAT_write_r
 .text._FAT_seek_r
                0x0000000002016710      0x194 /opt/devkitpro/libnds/lib/libfat.a(fatfile.o)
                0x0000000002016710                _FAT_seek_r
 .text._FAT_fstat_r
                0x00000000020168a4       0x8c /opt/devkitpro/libnds/lib/libfat.a(fatfile.o)
                0x00000000020168a4                _FAT_fstat_r
 .text._FAT_ftruncate_r
                0x0000000002016930      0x16c /opt/devkitpro/libnds/lib/libfat.a(fatfile.o)
                0x0000000002016930                _FAT_ftruncate_r
 .text._FAT_fsync_r
                0x0000000002016a9c       0x44 /opt/devkitpro/libnds/lib/libfat.a(fatfile.o)
                0x0000000002016a9c                _FAT_fsync_r
 .text._FAT_cache_getPage
                0x0000000002016ae0       0xf0 /opt/devkitpro/libnds/lib/libfat.a(cache.o)
 .text._FAT_cache_constructor
                0x0000000002016bd0       0x90 /opt/devkitpro/libnds/lib/libfat.a(cache.o)
                0x0000000002016bd0                _FAT_cache_constructor
 .text._FAT_cache_readSectors
                0x0000000002016c60       0x60 /opt/devkitpro/libnds/lib/libfat.a(cache.o)
                0x0000000002016c60                _FAT_cache_readSectors
 .text._FAT_cache_readPartialSector
                0x0000000002016cc0       0x3c /opt/devkitpro/libnds/lib/libfat.a(cache.o)
                0x0000000002016cc0                _FAT_cache_readPartialSector
 .text._FAT_cache_readLittleEndianValue
                0x0000000002016cfc       0x70 /opt/devkitpro/libnds/lib/libfat.a(cache.o)
                0x0000000002016cfc                _FAT_cache_readLittleEndianValue
 .text._FAT_cache_writePartialSector
                0x0000000002016d6c       0x4c /opt/devkitpro/libnds/lib/libfat.a(cache.o)
                0x0000000002016d6c                _FAT_cache_writePartialSector
 .text._FAT_cache_writeLittleEndianValue
                0x0000000002016db8       0x8c /opt/devkitpro/libnds/lib/libfat.a(cache.o)
                0x0000000002016db8                _FAT_cache_writeLittleEndianValue
 .text._FAT_cache_eraseWritePartialSector
                0x0000000002016e44       0x60 /opt/devkitpro/libnds/lib/libfat.a(cache.o)
                0x0000000002016e44                _FAT_cache_eraseWritePartialSector
 .text._FAT_cache_writeSectors
                0x0000000002016ea4       0x80 /opt/devkitpro/libnds/lib/libfat.a(cache.o)
                0x0000000002016ea4                _FAT_cache_writeSectors
 .text._FAT_cache_flush
                0x0000000002016f24       0x40 /opt/devkitpro/libnds/lib/libfat.a(cache.o)
                0x0000000002016f24                _FAT_cache_flush
 .text._FAT_stat_r
                0x0000000002016f64       0x90 /opt/devkitpro/libnds/lib/libfat.a(fatdir.o)
                0x0000000002016f64                _FAT_stat_r
 .text._FAT_link_r
                0x0000000002016ff4        0xc /opt/devkitpro/libnds/lib/libfat.a(fatdir.o)
                0x0000000002016ff4                _FAT_link_r
 .text._FAT_unlink_r
                0x0000000002017000      0x184 /opt/devkitpro/libnds/lib/libfat.a(fatdir.o)
                0x0000000002017000                _FAT_unlink_r
 .text._FAT_chdir_r
                0x0000000002017184       0x70 /opt/devkitpro/libnds/lib/libfat.a(fatdir.o)
                0x0000000002017184                _FAT_chdir_r
 .text._FAT_rename_r
                0x00000000020171f4      0x1c4 /opt/devkitpro/libnds/lib/libfat.a(fatdir.o)
                0x00000000020171f4                _FAT_rename_r
 .text._FAT_mkdir_r
                0x00000000020173b8      0x244 /opt/devkitpro/libnds/lib/libfat.a(fatdir.o)
                0x00000000020173b8                _FAT_mkdir_r
 .text._FAT_statvfs_r
                0x00000000020175fc       0x78 /opt/devkitpro/libnds/lib/libfat.a(fatdir.o)
                0x00000000020175fc                _FAT_statvfs_r
 .text._FAT_diropen_r
                0x0000000002017674       0xb0 /opt/devkitpro/libnds/lib/libfat.a(fatdir.o)
                0x0000000002017674                _FAT_diropen_r
 .text._FAT_dirreset_r
                0x0000000002017724       0x4c /opt/devkitpro/libnds/lib/libfat.a(fatdir.o)
                0x0000000002017724                _FAT_dirreset_r
 .text._FAT_dirnext_r
                0x0000000002017770       0x7c /opt/devkitpro/libnds/lib/libfat.a(fatdir.o)
                0x0000000002017770                _FAT_dirnext_r
 .text._FAT_dirclose_r
                0x00000000020177ec       0x20 /opt/devkitpro/libnds/lib/libfat.a(fatdir.o)
                0x00000000020177ec                _FAT_dirclose_r
 .text._FAT_directory_entryGetAlias
                0x000000000201780c       0xc8 /opt/devkitpro/libnds/lib/libfat.a(directory.o)
 .text._FAT_directory_incrementDirEntryPosition
                0x00000000020178d4       0x80 /opt/devkitpro/libnds/lib/libfat.a(directory.o)
 .text._FAT_directory_mbsncasecmp
                0x0000000002017954       0xa8 /opt/devkitpro/libnds/lib/libfat.a(directory.o)
 .text._FAT_directory_ucs2tombs.constprop.0
                0x00000000020179fc       0x90 /opt/devkitpro/libnds/lib/libfat.a(directory.o)
 .text._FAT_directory_entryGetCluster
                0x0000000002017a8c       0x20 /opt/devkitpro/libnds/lib/libfat.a(directory.o)
                0x0000000002017a8c                _FAT_directory_entryGetCluster
 .text._FAT_directory_getNextEntry
                0x0000000002017aac      0x23c /opt/devkitpro/libnds/lib/libfat.a(directory.o)
                0x0000000002017aac                _FAT_directory_getNextEntry
 .text._FAT_directory_entryExists
                0x0000000002017ce8       0x80 /opt/devkitpro/libnds/lib/libfat.a(directory.o)
 .text._FAT_directory_getFirstEntry
                0x0000000002017d68       0x20 /opt/devkitpro/libnds/lib/libfat.a(directory.o)
                0x0000000002017d68                _FAT_directory_getFirstEntry
 .text._FAT_directory_getRootEntry
                0x0000000002017d88       0x60 /opt/devkitpro/libnds/lib/libfat.a(directory.o)
                0x0000000002017d88                _FAT_directory_getRootEntry
 .text._FAT_directory_entryFromPosition
                0x0000000002017de8      0x150 /opt/devkitpro/libnds/lib/libfat.a(directory.o)
                0x0000000002017de8                _FAT_directory_entryFromPosition
 .text._FAT_directory_entryFromPath
                0x0000000002017f38      0x248 /opt/devkitpro/libnds/lib/libfat.a(directory.o)
                0x0000000002017f38                _FAT_directory_entryFromPath
 .text._FAT_directory_removeEntry
                0x0000000002018180       0xd8 /opt/devkitpro/libnds/lib/libfat.a(directory.o)
                0x0000000002018180                _FAT_directory_removeEntry
 .text._FAT_directory_addEntry
                0x0000000002018258      0x808 /opt/devkitpro/libnds/lib/libfat.a(directory.o)
                0x0000000002018258                _FAT_directory_addEntry
 .text._FAT_directory_chdir
                0x0000000002018a60       0x3c /opt/devkitpro/libnds/lib/libfat.a(directory.o)
                0x0000000002018a60                _FAT_directory_chdir
 .text._FAT_directory_entryStat
                0x0000000002018a9c       0xe4 /opt/devkitpro/libnds/lib/libfat.a(directory.o)
                0x0000000002018a9c                _FAT_directory_entryStat
 .text.isValidMBR
                0x0000000002018b80       0x5c /opt/devkitpro/libnds/lib/libfat.a(partition.o)
 .text._FAT_updateFS_INFO
                0x0000000002018bdc       0x54 /opt/devkitpro/libnds/lib/libfat.a(partition.o)
 .text.FindFirstValidPartition_buf.part.0
                0x0000000002018c30      0x11c /opt/devkitpro/libnds/lib/libfat.a(partition.o)
 .text._FAT_partition_getPartitionFromPath
                0x0000000002018d4c       0x10 /opt/devkitpro/libnds/lib/libfat.a(partition.o)
                0x0000000002018d4c                _FAT_partition_getPartitionFromPath
 .text._FAT_partition_createFSinfo
                0x0000000002018d5c       0x50 /opt/devkitpro/libnds/lib/libfat.a(partition.o)
                0x0000000002018d5c                _FAT_partition_createFSinfo
 .text._FAT_partition_readFSinfo.part.0
                0x0000000002018dac       0x74 /opt/devkitpro/libnds/lib/libfat.a(partition.o)
 .text._FAT_partition_constructor_buf
                0x0000000002018e20      0x2e8 /opt/devkitpro/libnds/lib/libfat.a(partition.o)
                0x0000000002018e20                _FAT_partition_constructor_buf
 .text._FAT_partition_constructor
                0x0000000002019108       0x40 /opt/devkitpro/libnds/lib/libfat.a(partition.o)
                0x0000000002019108                _FAT_partition_constructor
 .text._FAT_partition_readFSinfo
                0x0000000002019148       0x10 /opt/devkitpro/libnds/lib/libfat.a(partition.o)
                0x0000000002019148                _FAT_partition_readFSinfo
 .text._FAT_lock_init
                0x0000000002019158        0x4 /opt/devkitpro/libnds/lib/libfat.a(lock.o)
                0x0000000002019158                _FAT_lock_init
 .text._FAT_lock
                0x000000000201915c        0x4 /opt/devkitpro/libnds/lib/libfat.a(lock.o)
                0x000000000201915c                _FAT_lock
 .text._FAT_unlock
                0x0000000002019160        0x4 /opt/devkitpro/libnds/lib/libfat.a(lock.o)
                0x0000000002019160                _FAT_unlock
 .text._FAT_filetime_getTimeFromRTC
                0x0000000002019164       0x44 /opt/devkitpro/libnds/lib/libfat.a(filetime.o)
                0x0000000002019164                _FAT_filetime_getTimeFromRTC
 .text._FAT_filetime_getDateFromRTC
                0x00000000020191a8       0x44 /opt/devkitpro/libnds/lib/libfat.a(filetime.o)
                0x00000000020191a8                _FAT_filetime_getDateFromRTC
 .text._FAT_filetime_to_time_t
                0x00000000020191ec       0x38 /opt/devkitpro/libnds/lib/libfat.a(filetime.o)
                0x00000000020191ec                _FAT_filetime_to_time_t
 .text._FAT_fat_writeFatEntry.part.0.isra.0
                0x0000000002019224      0x12c /opt/devkitpro/libnds/lib/libfat.a(file_allocation_table.o)
 .text._FAT_fat_nextCluster
                0x0000000002019350      0x108 /opt/devkitpro/libnds/lib/libfat.a(file_allocation_table.o)
                0x0000000002019350                _FAT_fat_nextCluster
 .text._FAT_fat_linkFreeCluster
                0x0000000002019458       0xac /opt/devkitpro/libnds/lib/libfat.a(file_allocation_table.o)
                0x0000000002019458                _FAT_fat_linkFreeCluster
 .text._FAT_fat_linkFreeClusterCleared
                0x0000000002019504       0x68 /opt/devkitpro/libnds/lib/libfat.a(file_allocation_table.o)
                0x0000000002019504                _FAT_fat_linkFreeClusterCleared
 .text._FAT_fat_clearLinks
                0x000000000201956c       0x7c /opt/devkitpro/libnds/lib/libfat.a(file_allocation_table.o)
                0x000000000201956c                _FAT_fat_clearLinks
 .text._FAT_fat_trimChain
                0x00000000020195e8       0x80 /opt/devkitpro/libnds/lib/libfat.a(file_allocation_table.o)
                0x00000000020195e8                _FAT_fat_trimChain
 .text._FAT_fat_lastCluster
                0x0000000002019668       0x34 /opt/devkitpro/libnds/lib/libfat.a(file_allocation_table.o)
                0x0000000002019668                _FAT_fat_lastCluster
 .text._FAT_fat_freeClusterCount
                0x000000000201969c       0x2c /opt/devkitpro/libnds/lib/libfat.a(file_allocation_table.o)
                0x000000000201969c                _FAT_fat_freeClusterCount
 .text.DynamicArrayInit
                0x00000000020196c8       0x18 /opt/devkitpro/libnds/lib/libnds9.a(dynamicArray.o)
                0x00000000020196c8                DynamicArrayInit
 .text.DynamicArrayGet
                0x00000000020196e0       0x18 /opt/devkitpro/libnds/lib/libnds9.a(dynamicArray.o)
                0x00000000020196e0                DynamicArrayGet
 .text.DynamicArraySet
                0x00000000020196f8       0x48 /opt/devkitpro/libnds/lib/libnds9.a(dynamicArray.o)
                0x00000000020196f8                DynamicArraySet
 .text.vramBlock__deallocateBlock.part.0
                0x0000000002019740      0x190 /opt/devkitpro/libnds/lib/libnds9.a(videoGL.o)
 .text.vramBlock_init
                0x00000000020198d0       0x5c /opt/devkitpro/libnds/lib/libnds9.a(videoGL.o)
                0x00000000020198d0                vramBlock_init
 .text.vramBlock__allocateBlock
                0x000000000201992c      0x178 /opt/devkitpro/libnds/lib/libnds9.a(videoGL.o)
                0x000000000201992c                vramBlock__allocateBlock
 .text.vramBlock_examineSpecial
                0x0000000002019aa4      0x238 /opt/devkitpro/libnds/lib/libnds9.a(videoGL.o)
                0x0000000002019aa4                vramBlock_examineSpecial
 .text.vramBlock_allocateSpecial
                0x0000000002019cdc       0x6c /opt/devkitpro/libnds/lib/libnds9.a(videoGL.o)
                0x0000000002019cdc                vramBlock_allocateSpecial
 .text.vramBlock_allocateBlock
                0x0000000002019d48       0x30 /opt/devkitpro/libnds/lib/libnds9.a(videoGL.o)
                0x0000000002019d48                vramBlock_allocateBlock
 .text.vramBlock_deallocateBlock
                0x0000000002019d78       0x48 /opt/devkitpro/libnds/lib/libnds9.a(videoGL.o)
                0x0000000002019d78                vramBlock_deallocateBlock
 .text.removePaletteFromTexture.part.0
                0x0000000002019dc0       0x68 /opt/devkitpro/libnds/lib/libnds9.a(videoGL.o)
 .text.glInit_C
                0x0000000002019e28      0x1cc /opt/devkitpro/libnds/lib/libnds9.a(videoGL.o)
                0x0000000002019e28                glInit_C
 .text.glGenTextures
                0x0000000002019ff4       0x80 /opt/devkitpro/libnds/lib/libnds9.a(videoGL.o)
                0x0000000002019ff4                glGenTextures
 .text.glDeleteTextures
                0x000000000201a074       0xe4 /opt/devkitpro/libnds/lib/libnds9.a(videoGL.o)
                0x000000000201a074                glDeleteTextures
 .text.vramGetBank
                0x000000000201a158       0xb8 /opt/devkitpro/libnds/lib/libnds9.a(videoGL.o)
                0x000000000201a158                vramGetBank
 .text.glBindTexture
                0x000000000201a210       0x60 /opt/devkitpro/libnds/lib/libnds9.a(videoGL.o)
                0x000000000201a210                glBindTexture
 .text.glTexImage2D
                0x000000000201a270      0x40c /opt/devkitpro/libnds/lib/libnds9.a(videoGL.o)
                0x000000000201a270                glTexImage2D
 .text.scanKeys
                0x000000000201a67c       0x8c /opt/devkitpro/libnds/lib/libnds9.a(keys.o)
                0x000000000201a67c                scanKeys
 .text.keysHeld
                0x000000000201a708        0xc /opt/devkitpro/libnds/lib/libnds9.a(keys.o)
                0x000000000201a708                keysHeld
 .text.dldiGetInternal
                0x000000000201a714       0x34 /opt/devkitpro/libnds/lib/libnds9.a(dldi.o)
                0x000000000201a714                dldiGetInternal
 .text.get_io_dsisd
                0x000000000201a748       0x24 /opt/devkitpro/libnds/lib/libnds9.a(dldi.o)
                0x000000000201a748                get_io_dsisd
 .text.__syscall_gettod_r
                0x000000000201a76c       0x28 /opt/devkitpro/libnds/lib/libnds9.a(initSystem.o)
                0x000000000201a76c                __syscall_gettod_r
 .text.__syscall_exit
                0x000000000201a794        0x8 /opt/devkitpro/libnds/lib/libnds9.a(initSystem.o)
                0x000000000201a794                __syscall_exit
 .text.initSystem
                0x000000000201a79c      0x180 /opt/devkitpro/libnds/lib/libnds9.a(initSystem.o)
                0x000000000201a79c                initSystem
 .text.irqDummy
                0x000000000201a91c        0x4 /opt/devkitpro/libnds/lib/libnds9.a(interrupts.o)
                0x000000000201a91c                irqDummy
 .text.irqSet   0x000000000201a920       0x6c /opt/devkitpro/libnds/lib/libnds9.a(interrupts.o)
                0x000000000201a920                irqSet
 .text.irqInit  0x000000000201a98c       0x50 /opt/devkitpro/libnds/lib/libnds9.a(interrupts.o)
                0x000000000201a98c                irqInit
 .text.irqEnable
                0x000000000201a9dc       0x64 /opt/devkitpro/libnds/lib/libnds9.a(interrupts.o)
                0x000000000201a9dc                irqEnable
 .text.systemErrorExit
                0x000000000201aa40        0x4 /opt/devkitpro/libnds/lib/libnds9.a(libnds_exit.arm.o)
                0x000000000201aa40                systemErrorExit
 .text.__libnds_exit
                0x000000000201aa44       0x5c /opt/devkitpro/libnds/lib/libnds9.a(libnds_exit.arm.o)
                0x000000000201aa44                __libnds_exit
 .text.cardPolledTransfer
                0x000000000201aaa0       0x54 /opt/devkitpro/libnds/lib/libnds9.a(card.o)
                0x000000000201aaa0                cardPolledTransfer
 .text.cardParamCommand
                0x000000000201aaf4       0x34 /opt/devkitpro/libnds/lib/libnds9.a(card.o)
                0x000000000201aaf4                cardParamCommand
 .text.fifo_queueBlock
                0x000000000201ab28       0x44 /opt/devkitpro/libnds/lib/libnds9.a(fifosystem.o)
 .text.fifo_waitBlock
                0x000000000201ab6c       0x80 /opt/devkitpro/libnds/lib/libnds9.a(fifosystem.o)
 .text.fifoInternalSend.part.0
                0x000000000201abec       0xd4 /opt/devkitpro/libnds/lib/libnds9.a(fifosystem.o)
 .text.fifoInternalSendInterrupt
                0x000000000201acc0       0xb0 /opt/devkitpro/libnds/lib/libnds9.a(fifosystem.o)
 .text.fifoSetValue32Handler
                0x000000000201ad70       0xd4 /opt/devkitpro/libnds/lib/libnds9.a(fifosystem.o)
                0x000000000201ad70                fifoSetValue32Handler
 .text.fifoSendValue32
                0x000000000201ae44       0x4c /opt/devkitpro/libnds/lib/libnds9.a(fifosystem.o)
                0x000000000201ae44                fifoSendValue32
 .text.fifoSendDatamsg
                0x000000000201ae90       0x90 /opt/devkitpro/libnds/lib/libnds9.a(fifosystem.o)
                0x000000000201ae90                fifoSendDatamsg
 .text.fifoGetValue32
                0x000000000201af20       0x70 /opt/devkitpro/libnds/lib/libnds9.a(fifosystem.o)
                0x000000000201af20                fifoGetValue32
 .text.fifoGetDatamsg
                0x000000000201af90       0xf4 /opt/devkitpro/libnds/lib/libnds9.a(fifosystem.o)
                0x000000000201af90                fifoGetDatamsg
 .text.fifoInternalRecvInterrupt
                0x000000000201b084      0x37c /opt/devkitpro/libnds/lib/libnds9.a(fifosystem.o)
 .text.fifoSetDatamsgHandler
                0x000000000201b400       0x9c /opt/devkitpro/libnds/lib/libnds9.a(fifosystem.o)
                0x000000000201b400                fifoSetDatamsgHandler
 .text.fifoCheckValue32
                0x000000000201b49c       0x24 /opt/devkitpro/libnds/lib/libnds9.a(fifosystem.o)
                0x000000000201b49c                fifoCheckValue32
 .text.fifoInit
                0x000000000201b4c0      0x108 /opt/devkitpro/libnds/lib/libnds9.a(fifosystem.o)
                0x000000000201b4c0                fifoInit
 .text.__libnds_mpu_setup
                0x000000000201b5c8      0x174 /opt/devkitpro/libnds/lib/libnds9.a(mpu_setup.o)
                0x000000000201b5c8                __libnds_mpu_setup
 .text.memUncached
                0x000000000201b73c       0x20 /opt/devkitpro/libnds/lib/libnds9.a(mpu_setup.o)
                0x000000000201b73c                memUncached
 .text.swiWaitForVBlank
                0x000000000201b75c        0x8 /opt/devkitpro/libnds/lib/libnds9.a(IntrWait.o)
                0x000000000201b75c                swiWaitForVBlank
 .text.swiIntrWait
                0x000000000201b764       0x70 /opt/devkitpro/libnds/lib/libnds9.a(IntrWait.o)
                0x000000000201b764                swiIntrWait
 .text.setCpuClock
                0x000000000201b7d4       0x50 /opt/devkitpro/libnds/lib/libnds9.a(cpu_clock.o)
                0x000000000201b7d4                setCpuClock
 .text.swiDelay
                0x000000000201b824        0x4 /opt/devkitpro/libnds/lib/libnds9.a(biosCalls.o)
                0x000000000201b824                swiDelay
 .text.swiSoftReset
                0x000000000201b828       0x2c /opt/devkitpro/libnds/lib/libnds9.a(swiSoftReset.o)
                0x000000000201b828                swiSoftReset
 .text.vramRestorePrimaryBanks
                0x000000000201b854        0xc /opt/devkitpro/libnds/lib/libnds9.a(video.o)
                0x000000000201b854                vramRestorePrimaryBanks
 .text.vramDefault
                0x000000000201b860       0xd0 /opt/devkitpro/libnds/lib/libnds9.a(video.o)
                0x000000000201b860                vramDefault
 .text.systemValueHandler
                0x000000000201b930       0x48 /opt/devkitpro/libnds/lib/libnds9.a(system.o)
                0x000000000201b930                systemValueHandler
 .text.systemMsgHandler
                0x000000000201b978       0x60 /opt/devkitpro/libnds/lib/libnds9.a(system.o)
                0x000000000201b978                systemMsgHandler
 .text.powerOn  0x000000000201b9d8       0x2c /opt/devkitpro/libnds/lib/libnds9.a(system.o)
                0x000000000201b9d8                powerOn
 .text.DC_FlushRange
                0x000000000201ba04       0x24 /opt/devkitpro/libnds/lib/libnds9.a(dcache.o)
                0x000000000201ba04                DC_FlushRange
 .text.__muldi3
                0x000000000201ba28       0x18 /opt/devkitpro/devkitARM/bin/../lib/gcc/arm-none-eabi/12.2.0/libgcc.a(_muldi3.o)
                0x000000000201ba28                __aeabi_lmul
                0x000000000201ba28                __muldi3
 .text.__udivmoddi4
                0x000000000201ba40      0x128 /opt/devkitpro/devkitARM/bin/../lib/gcc/arm-none-eabi/12.2.0/libgcc.a(_udivmoddi4.o)
                0x000000000201ba40                __udivmoddi4
 .text.__assert_func
                0x000000000201bb68       0x5c /opt/devkitpro/devkitARM/bin/../lib/gcc/arm-none-eabi/12.2.0/../../../../arm-none-eabi/lib/libg.a(lib_a-assert.o)
                0x000000000201bb68                __assert_func
 .text.atoi     0x000000000201bbc4       0x18 /opt/devkitpro/devkitARM/bin/../lib/gcc/arm-none-eabi/12.2.0/../../../../arm-none-eabi/lib/libg.a(lib_a-atoi.o)
                0x000000000201bbc4                atoi
 .text.calloc   0x000000000201bbdc       0x24 /opt/devkitpro/devkitARM/bin/../lib/gcc/arm-none-eabi/12.2.0/../../../../arm-none-eabi/lib/libg.a(lib_a-calloc.o)
                0x000000000201bbdc                calloc
 .text._calloc_r
                0x000000000201bc00       0xd0 /opt/devkitpro/devkitARM/bin/../lib/gcc/arm-none-eabi/12.2.0/../../../../arm-none-eabi/lib/libg.a(lib_a-callocr.o)
                0x000000000201bc00                _calloc_r
 .text.__errno  0x000000000201bcd0       0x10 /opt/devkitpro/devkitARM/bin/../lib/gcc/arm-none-eabi/12.2.0/../../../../arm-none-eabi/lib/libg.a(lib_a-errno.o)
                0x000000000201bcd0                __errno
 .text.exit     0x000000000201bce0       0x34 /opt/devkitpro/devkitARM/bin/../lib/gcc/arm-none-eabi/12.2.0/../../../../arm-none-eabi/lib/libg.a(lib_a-exit.o)
                0x000000000201bce0                exit
 .text._fclose_r
                0x000000000201bd14      0x164 /opt/devkitpro/devkitARM/bin/../lib/gcc/arm-none-eabi/12.2.0/../../../../arm-none-eabi/lib/libg.a(lib_a-fclose.o)
                0x000000000201bd14                _fclose_r
 .text.fclose   0x000000000201be78       0x18 /opt/devkitpro/devkitARM/bin/../lib/gcc/arm-none-eabi/12.2.0/../../../../arm-none-eabi/lib/libg.a(lib_a-fclose.o)
                0x000000000201be78                fclose
 .text.__sflush_r
                0x000000000201be90      0x250 /opt/devkitpro/devkitARM/bin/../lib/gcc/arm-none-eabi/12.2.0/../../../../arm-none-eabi/lib/libg.a(lib_a-fflush.o)
                0x000000000201be90                __sflush_r
 .text._fflush_r
                0x000000000201c0e0       0x9c /opt/devkitpro/devkitARM/bin/../lib/gcc/arm-none-eabi/12.2.0/../../../../arm-none-eabi/lib/libg.a(lib_a-fflush.o)
                0x000000000201c0e0                _fflush_r
 .text.fflush   0x000000000201c17c       0x3c /opt/devkitpro/devkitARM/bin/../lib/gcc/arm-none-eabi/12.2.0/../../../../arm-none-eabi/lib/libg.a(lib_a-fflush.o)
                0x000000000201c17c                fflush
 .text._cleanup_r
                0x000000000201c1b8       0x18 /opt/devkitpro/devkitARM/bin/../lib/gcc/arm-none-eabi/12.2.0/../../../../arm-none-eabi/lib/libg.a(lib_a-findfp.o)
                0x000000000201c1b8                _cleanup_r
 .text.__sinit  0x000000000201c1d0      0x18c /opt/devkitpro/devkitARM/bin/../lib/gcc/arm-none-eabi/12.2.0/../../../../arm-none-eabi/lib/libg.a(lib_a-findfp.o)
                0x000000000201c1d0                __sinit
 .text.__sfp    0x000000000201c35c      0x138 /opt/devkitpro/devkitARM/bin/../lib/gcc/arm-none-eabi/12.2.0/../../../../arm-none-eabi/lib/libg.a(lib_a-findfp.o)
                0x000000000201c35c                __sfp
 .text.__sfp_lock_acquire
                0x000000000201c494       0x18 /opt/devkitpro/devkitARM/bin/../lib/gcc/arm-none-eabi/12.2.0/../../../../arm-none-eabi/lib/libg.a(lib_a-findfp.o)
                0x000000000201c494                __sfp_lock_acquire
 .text.__sfp_lock_release
                0x000000000201c4ac       0x18 /opt/devkitpro/devkitARM/bin/../lib/gcc/arm-none-eabi/12.2.0/../../../../arm-none-eabi/lib/libg.a(lib_a-findfp.o)
                0x000000000201c4ac                __sfp_lock_release
 .text.fiprintf
                0x000000000201c4c4       0x3c /opt/devkitpro/devkitARM/bin/../lib/gcc/arm-none-eabi/12.2.0/../../../../arm-none-eabi/lib/libg.a(lib_a-fiprintf.o)
                0x000000000201c4c4                fiprintf
 .text._fopen_r
                0x000000000201c500      0x140 /opt/devkitpro/devkitARM/bin/../lib/gcc/arm-none-eabi/12.2.0/../../../../arm-none-eabi/lib/libg.a(lib_a-fopen.o)
                0x000000000201c500                _fopen_r
 .text.fopen    0x000000000201c640       0x20 /opt/devkitpro/devkitARM/bin/../lib/gcc/arm-none-eabi/12.2.0/../../../../arm-none-eabi/lib/libg.a(lib_a-fopen.o)
                0x000000000201c640                fopen
 .text._fread_r
                0x000000000201c660      0x2d8 /opt/devkitpro/devkitARM/bin/../lib/gcc/arm-none-eabi/12.2.0/../../../../arm-none-eabi/lib/libg.a(lib_a-fread.o)
                0x000000000201c660                _fread_r
 .text.fread    0x000000000201c938       0x3c /opt/devkitpro/devkitARM/bin/../lib/gcc/arm-none-eabi/12.2.0/../../../../arm-none-eabi/lib/libg.a(lib_a-fread.o)
                0x000000000201c938                fread
 .text._malloc_trim_r
                0x000000000201c974      0x100 /opt/devkitpro/devkitARM/bin/../lib/gcc/arm-none-eabi/12.2.0/../../../../arm-none-eabi/lib/libg.a(lib_a-freer.o)
                0x000000000201c974                _malloc_trim_r
 .text._free_r  0x000000000201ca74      0x2e8 /opt/devkitpro/devkitARM/bin/../lib/gcc/arm-none-eabi/12.2.0/../../../../arm-none-eabi/lib/libg.a(lib_a-freer.o)
                0x000000000201ca74                _free_r
 .text._fseek_r
                0x000000000201cd5c       0x20 /opt/devkitpro/devkitARM/bin/../lib/gcc/arm-none-eabi/12.2.0/../../../../arm-none-eabi/lib/libg.a(lib_a-fseek.o)
                0x000000000201cd5c                _fseek_r
 .text.fseek    0x000000000201cd7c       0x38 /opt/devkitpro/devkitARM/bin/../lib/gcc/arm-none-eabi/12.2.0/../../../../arm-none-eabi/lib/libg.a(lib_a-fseek.o)
                0x000000000201cd7c                fseek
 .text._fseeko_r
                0x000000000201cdb4      0x5a0 /opt/devkitpro/devkitARM/bin/../lib/gcc/arm-none-eabi/12.2.0/../../../../arm-none-eabi/lib/libg.a(lib_a-fseeko.o)
                0x000000000201cdb4                _fseeko_r
 .text._fwalk   0x000000000201d354       0x70 /opt/devkitpro/devkitARM/bin/../lib/gcc/arm-none-eabi/12.2.0/../../../../arm-none-eabi/lib/libg.a(lib_a-fwalk.o)
                0x000000000201d354                _fwalk
 .text._fwalk_reent
                0x000000000201d3c4       0x78 /opt/devkitpro/devkitARM/bin/../lib/gcc/arm-none-eabi/12.2.0/../../../../arm-none-eabi/lib/libg.a(lib_a-fwalk.o)
                0x000000000201d3c4                _fwalk_reent
 .text.__libc_init_array
                0x000000000201d43c       0x90 /opt/devkitpro/devkitARM/bin/../lib/gcc/arm-none-eabi/12.2.0/../../../../arm-none-eabi/lib/libg.a(lib_a-init.o)
                0x000000000201d43c                __libc_init_array
 .text.localtime_r
                0x000000000201d4cc      0x370 /opt/devkitpro/devkitARM/bin/../lib/gcc/arm-none-eabi/12.2.0/../../../../arm-none-eabi/lib/libg.a(lib_a-lcltime_r.o)
                0x000000000201d4cc                localtime_r
 .text.__locale_mb_cur_max
                0x000000000201d83c       0x10 /opt/devkitpro/devkitARM/bin/../lib/gcc/arm-none-eabi/12.2.0/../../../../arm-none-eabi/lib/libg.a(lib_a-locale.o)
                0x000000000201d83c                __locale_mb_cur_max
 .text.__smakebuf_r
                0x000000000201d84c      0x144 /opt/devkitpro/devkitARM/bin/../lib/gcc/arm-none-eabi/12.2.0/../../../../arm-none-eabi/lib/libg.a(lib_a-makebuf.o)
                0x000000000201d84c                __smakebuf_r
 .text.malloc   0x000000000201d990       0x1c /opt/devkitpro/devkitARM/bin/../lib/gcc/arm-none-eabi/12.2.0/../../../../arm-none-eabi/lib/libg.a(lib_a-malloc.o)
                0x000000000201d990                malloc
 .text.free     0x000000000201d9ac       0x1c /opt/devkitpro/devkitARM/bin/../lib/gcc/arm-none-eabi/12.2.0/../../../../arm-none-eabi/lib/libg.a(lib_a-malloc.o)
                0x000000000201d9ac                free
 .text._malloc_r
                0x000000000201d9c8      0x7f0 /opt/devkitpro/devkitARM/bin/../lib/gcc/arm-none-eabi/12.2.0/../../../../arm-none-eabi/lib/libg.a(lib_a-mallocr.o)
                0x000000000201d9c8                _malloc_r
 .text._mbrtowc_r
                0x000000000201e1b8       0x70 /opt/devkitpro/devkitARM/bin/../lib/gcc/arm-none-eabi/12.2.0/../../../../arm-none-eabi/lib/libg.a(lib_a-mbrtowc.o)
                0x000000000201e1b8                _mbrtowc_r
 .text.mbrtowc  0x000000000201e228       0x88 /opt/devkitpro/devkitARM/bin/../lib/gcc/arm-none-eabi/12.2.0/../../../../arm-none-eabi/lib/libg.a(lib_a-mbrtowc.o)
                0x000000000201e228                mbrtowc
 .text.mbsrtowcs
                0x000000000201e2b0       0x40 /opt/devkitpro/devkitARM/bin/../lib/gcc/arm-none-eabi/12.2.0/../../../../arm-none-eabi/lib/libg.a(lib_a-mbsrtowcs.o)
                0x000000000201e2b0                mbsrtowcs
 .text.__utf8_mbtowc
                0x000000000201e2f0      0x308 /opt/devkitpro/devkitARM/bin/../lib/gcc/arm-none-eabi/12.2.0/../../../../arm-none-eabi/lib/libg.a(lib_a-mbtowc_r.o)
                0x000000000201e2f0                __utf8_mbtowc
 .text.memcmp   0x000000000201e5f8       0xbc /opt/devkitpro/devkitARM/bin/../lib/gcc/arm-none-eabi/12.2.0/../../../../arm-none-eabi/lib/libg.a(lib_a-memcmp.o)
                0x000000000201e5f8                memcmp
 .text.memcpy   0x000000000201e6b4      0x114 /opt/devkitpro/devkitARM/bin/../lib/gcc/arm-none-eabi/12.2.0/../../../../arm-none-eabi/lib/libg.a(lib_a-memcpy-stub.o)
                0x000000000201e6b4                memcpy
 .text.memmove  0x000000000201e7c8      0x154 /opt/devkitpro/devkitARM/bin/../lib/gcc/arm-none-eabi/12.2.0/../../../../arm-none-eabi/lib/libg.a(lib_a-memmove.o)
                0x000000000201e7c8                memmove
 .text.memset   0x000000000201e91c       0xfc /opt/devkitpro/devkitARM/bin/../lib/gcc/arm-none-eabi/12.2.0/../../../../arm-none-eabi/lib/libg.a(lib_a-memset.o)
                0x000000000201e91c                memset
 .text.validate_structure
                0x000000000201ea18      0x2e0 /opt/devkitpro/devkitARM/bin/../lib/gcc/arm-none-eabi/12.2.0/../../../../arm-none-eabi/lib/libg.a(lib_a-mktime.o)
 .text.mktime   0x000000000201ecf8      0x4c0 /opt/devkitpro/devkitARM/bin/../lib/gcc/arm-none-eabi/12.2.0/../../../../arm-none-eabi/lib/libg.a(lib_a-mktime.o)
                0x000000000201ecf8                mktime
 .text.__malloc_lock
                0x000000000201f1b8       0x18 /opt/devkitpro/devkitARM/bin/../lib/gcc/arm-none-eabi/12.2.0/../../../../arm-none-eabi/lib/libg.a(lib_a-mlock.o)
                0x000000000201f1b8                __malloc_lock
 .text.__malloc_unlock
                0x000000000201f1d0       0x18 /opt/devkitpro/devkitARM/bin/../lib/gcc/arm-none-eabi/12.2.0/../../../../arm-none-eabi/lib/libg.a(lib_a-mlock.o)
                0x000000000201f1d0                __malloc_unlock
 .text.printf   0x000000000201f1e8       0x34 /opt/devkitpro/devkitARM/bin/../lib/gcc/arm-none-eabi/12.2.0/../../../../arm-none-eabi/lib/libg.a(lib_a-printf.o)
                0x000000000201f1e8                printf
 .text.realloc  0x000000000201f21c       0x24 /opt/devkitpro/devkitARM/bin/../lib/gcc/arm-none-eabi/12.2.0/../../../../arm-none-eabi/lib/libg.a(lib_a-realloc.o)
                0x000000000201f21c                realloc
 .text._realloc_r
                0x000000000201f240      0x4b8 /opt/devkitpro/devkitARM/bin/../lib/gcc/arm-none-eabi/12.2.0/../../../../arm-none-eabi/lib/libg.a(lib_a-reallocr.o)
                0x000000000201f240                _realloc_r
 .text.lflush   0x000000000201f6f8       0x28 /opt/devkitpro/devkitARM/bin/../lib/gcc/arm-none-eabi/12.2.0/../../../../arm-none-eabi/lib/libg.a(lib_a-refill.o)
 .text.__srefill_r
                0x000000000201f720      0x198 /opt/devkitpro/devkitARM/bin/../lib/gcc/arm-none-eabi/12.2.0/../../../../arm-none-eabi/lib/libg.a(lib_a-refill.o)
                0x000000000201f720                __srefill_r
 .text.sprintf  0x000000000201f8b8       0x64 /opt/devkitpro/devkitARM/bin/../lib/gcc/arm-none-eabi/12.2.0/../../../../arm-none-eabi/lib/libg.a(lib_a-sprintf.o)
                0x000000000201f8b8                sprintf
 .text.__sread  0x000000000201f91c       0x4c /opt/devkitpro/devkitARM/bin/../lib/gcc/arm-none-eabi/12.2.0/../../../../arm-none-eabi/lib/libg.a(lib_a-stdio.o)
                0x000000000201f91c                __sread
 .text.__seofread
                0x000000000201f968        0x8 /opt/devkitpro/devkitARM/bin/../lib/gcc/arm-none-eabi/12.2.0/../../../../arm-none-eabi/lib/libg.a(lib_a-stdio.o)
                0x000000000201f968                __seofread
 .text.__swrite
                0x000000000201f970       0x6c /opt/devkitpro/devkitARM/bin/../lib/gcc/arm-none-eabi/12.2.0/../../../../arm-none-eabi/lib/libg.a(lib_a-stdio.o)
                0x000000000201f970                __swrite
 .text.__sseek  0x000000000201f9dc       0x48 /opt/devkitpro/devkitARM/bin/../lib/gcc/arm-none-eabi/12.2.0/../../../../arm-none-eabi/lib/libg.a(lib_a-stdio.o)
                0x000000000201f9dc                __sseek
 .text.__sclose
                0x000000000201fa24       0x14 /opt/devkitpro/devkitARM/bin/../lib/gcc/arm-none-eabi/12.2.0/../../../../arm-none-eabi/lib/libg.a(lib_a-stdio.o)
                0x000000000201fa24                __sclose
 .text.stpcpy   0x000000000201fa38       0x74 /opt/devkitpro/devkitARM/bin/../lib/gcc/arm-none-eabi/12.2.0/../../../../arm-none-eabi/lib/libg.a(lib_a-stpcpy.o)
                0x000000000201fa38                stpcpy
 .text.strcasecmp
                0x000000000201faac       0x70 /opt/devkitpro/devkitARM/bin/../lib/gcc/arm-none-eabi/12.2.0/../../../../arm-none-eabi/lib/libg.a(lib_a-strcasecmp.o)
                0x000000000201faac                strcasecmp
 .text.strchr   0x000000000201fb1c      0x13c /opt/devkitpro/devkitARM/bin/../lib/gcc/arm-none-eabi/12.2.0/../../../../arm-none-eabi/lib/libg.a(lib_a-strchr.o)
                0x000000000201fb1c                strchr
 .text.strcpy   0x000000000201fc58       0xf0 /opt/devkitpro/devkitARM/bin/../lib/gcc/arm-none-eabi/12.2.0/../../../../arm-none-eabi/lib/libg.a(lib_a-strcpy.o)
                0x000000000201fc58                strcpy
 .text.strdup   0x000000000201fd48       0x1c /opt/devkitpro/devkitARM/bin/../lib/gcc/arm-none-eabi/12.2.0/../../../../arm-none-eabi/lib/libg.a(lib_a-strdup.o)
                0x000000000201fd48                strdup
 .text._strdup_r
                0x000000000201fd64       0x44 /opt/devkitpro/devkitARM/bin/../lib/gcc/arm-none-eabi/12.2.0/../../../../arm-none-eabi/lib/libg.a(lib_a-strdup_r.o)
                0x000000000201fd64                _strdup_r
 .text.strlen   0x000000000201fda8       0x60 /opt/devkitpro/devkitARM/bin/../lib/gcc/arm-none-eabi/12.2.0/../../../../arm-none-eabi/lib/libg.a(lib_a-strlen-stub.o)
                0x000000000201fda8                strlen
 .text.strncasecmp
                0x000000000201fe08       0x8c /opt/devkitpro/devkitARM/bin/../lib/gcc/arm-none-eabi/12.2.0/../../../../arm-none-eabi/lib/libg.a(lib_a-strncasecmp.o)
                0x000000000201fe08                strncasecmp
 .text.strncmp  0x000000000201fe94       0xec /opt/devkitpro/devkitARM/bin/../lib/gcc/arm-none-eabi/12.2.0/../../../../arm-none-eabi/lib/libg.a(lib_a-strncmp.o)
                0x000000000201fe94                strncmp
 .text.strncpy  0x000000000201ff80       0xd0 /opt/devkitpro/devkitARM/bin/../lib/gcc/arm-none-eabi/12.2.0/../../../../arm-none-eabi/lib/libg.a(lib_a-strncpy.o)
                0x000000000201ff80                strncpy
 .text.strnlen  0x0000000002020050       0x48 /opt/devkitpro/devkitARM/bin/../lib/gcc/arm-none-eabi/12.2.0/../../../../arm-none-eabi/lib/libg.a(lib_a-strnlen.o)
                0x0000000002020050                strnlen
 .text.strpbrk  0x0000000002020098       0x7c /opt/devkitpro/devkitARM/bin/../lib/gcc/arm-none-eabi/12.2.0/../../../../arm-none-eabi/lib/libg.a(lib_a-strpbrk.o)
                0x0000000002020098                strpbrk
 .text.strrchr  0x0000000002020114       0x58 /opt/devkitpro/devkitARM/bin/../lib/gcc/arm-none-eabi/12.2.0/../../../../arm-none-eabi/lib/libg.a(lib_a-strrchr.o)
                0x0000000002020114                strrchr
 .text.strtok   0x000000000202016c       0x30 /opt/devkitpro/devkitARM/bin/../lib/gcc/arm-none-eabi/12.2.0/../../../../arm-none-eabi/lib/libg.a(lib_a-strtok.o)
                0x000000000202016c                strtok
 .text.__strtok_r
                0x000000000202019c       0xbc /opt/devkitpro/devkitARM/bin/../lib/gcc/arm-none-eabi/12.2.0/../../../../arm-none-eabi/lib/libg.a(lib_a-strtok_r.o)
                0x000000000202019c                __strtok_r
 .text._strtol_l.part.0
                0x0000000002020258      0x1a8 /opt/devkitpro/devkitARM/bin/../lib/gcc/arm-none-eabi/12.2.0/../../../../arm-none-eabi/lib/libg.a(lib_a-strtol.o)
 .text._strtol_r
                0x0000000002020400       0x3c /opt/devkitpro/devkitARM/bin/../lib/gcc/arm-none-eabi/12.2.0/../../../../arm-none-eabi/lib/libg.a(lib_a-strtol.o)
                0x0000000002020400                _strtol_r
 .text.strtol   0x000000000202043c       0x5c /opt/devkitpro/devkitARM/bin/../lib/gcc/arm-none-eabi/12.2.0/../../../../arm-none-eabi/lib/libg.a(lib_a-strtol.o)
                0x000000000202043c                strtol
 .text.get_arg  0x0000000002020498      0x674 /opt/devkitpro/devkitARM/bin/../lib/gcc/arm-none-eabi/12.2.0/../../../../arm-none-eabi/lib/libg.a(lib_a-svfprintf.o)
 .text._svfprintf_r
                0x0000000002020b0c     0x3630 /opt/devkitpro/devkitARM/bin/../lib/gcc/arm-none-eabi/12.2.0/../../../../arm-none-eabi/lib/libg.a(lib_a-svfprintf.o)
                0x0000000002020b0c                _svfprintf_r
 .text.lseek    0x000000000202413c       0x3c /opt/devkitpro/devkitARM/bin/../lib/gcc/arm-none-eabi/12.2.0/../../../../arm-none-eabi/lib/libg.a(lib_a-syslseek.o)
                0x000000000202413c                lseek
 .text.open     0x0000000002024178       0x40 /opt/devkitpro/devkitARM/bin/../lib/gcc/arm-none-eabi/12.2.0/../../../../arm-none-eabi/lib/libg.a(lib_a-sysopen.o)
                0x0000000002024178                open
 .text.read     0x00000000020241b8       0x2c /opt/devkitpro/devkitARM/bin/../lib/gcc/arm-none-eabi/12.2.0/../../../../arm-none-eabi/lib/libg.a(lib_a-sysread.o)
                0x00000000020241b8                read
 .text.time     0x00000000020241e4       0x40 /opt/devkitpro/devkitARM/bin/../lib/gcc/arm-none-eabi/12.2.0/../../../../arm-none-eabi/lib/libg.a(lib_a-time.o)
                0x00000000020241e4                time
 .text.towlower
                0x0000000002024224       0x14 /opt/devkitpro/devkitARM/bin/../lib/gcc/arm-none-eabi/12.2.0/../../../../arm-none-eabi/lib/libg.a(lib_a-towlower.o)
                0x0000000002024224                towlower
 .text.towupper
                0x0000000002024238       0x14 /opt/devkitpro/devkitARM/bin/../lib/gcc/arm-none-eabi/12.2.0/../../../../arm-none-eabi/lib/libg.a(lib_a-towupper.o)
                0x0000000002024238                towupper
 .text.__tzcalc_limits
                0x000000000202424c      0x254 /opt/devkitpro/devkitARM/bin/../lib/gcc/arm-none-eabi/12.2.0/../../../../arm-none-eabi/lib/libg.a(lib_a-tzcalc_limits.o)
                0x000000000202424c                __tzcalc_limits
 .text.__tz_lock
                0x00000000020244a0       0x18 /opt/devkitpro/devkitARM/bin/../lib/gcc/arm-none-eabi/12.2.0/../../../../arm-none-eabi/lib/libg.a(lib_a-tzlock.o)
                0x00000000020244a0                __tz_lock
 .text.__tz_unlock
                0x00000000020244b8       0x18 /opt/devkitpro/devkitARM/bin/../lib/gcc/arm-none-eabi/12.2.0/../../../../arm-none-eabi/lib/libg.a(lib_a-tzlock.o)
                0x00000000020244b8                __tz_unlock
 .text._tzset_unlocked
                0x00000000020244d0       0x14 /opt/devkitpro/devkitARM/bin/../lib/gcc/arm-none-eabi/12.2.0/../../../../arm-none-eabi/lib/libg.a(lib_a-tzset.o)
                0x00000000020244d0                _tzset_unlocked
 .text._tzset_unlocked_r
                0x00000000020244e4      0x47c /opt/devkitpro/devkitARM/bin/../lib/gcc/arm-none-eabi/12.2.0/../../../../arm-none-eabi/lib/libg.a(lib_a-tzset_r.o)
                0x00000000020244e4                _tzset_unlocked_r
 .text.get_arg  0x0000000002024960      0x674 /opt/devkitpro/devkitARM/bin/../lib/gcc/arm-none-eabi/12.2.0/../../../../arm-none-eabi/lib/libg.a(lib_a-vfiprintf.o)
 .text.__sprint_r
                0x0000000002024fd4       0x34 /opt/devkitpro/devkitARM/bin/../lib/gcc/arm-none-eabi/12.2.0/../../../../arm-none-eabi/lib/libg.a(lib_a-vfiprintf.o)
                0x0000000002024fd4                __sprint_r
 .text._vfiprintf_r
                0x0000000002025008     0x2320 /opt/devkitpro/devkitARM/bin/../lib/gcc/arm-none-eabi/12.2.0/../../../../arm-none-eabi/lib/libg.a(lib_a-vfiprintf.o)
                0x0000000002025008                _vfiprintf_r
 .text.__sbprintf
                0x0000000002027328       0xd4 /opt/devkitpro/devkitARM/bin/../lib/gcc/arm-none-eabi/12.2.0/../../../../arm-none-eabi/lib/libg.a(lib_a-vfiprintf.o)
 .text.get_arg  0x00000000020273fc      0x674 /opt/devkitpro/devkitARM/bin/../lib/gcc/arm-none-eabi/12.2.0/../../../../arm-none-eabi/lib/libg.a(lib_a-vfprintf.o)
 .text._vfprintf_r
                0x0000000002027a70     0x370c /opt/devkitpro/devkitARM/bin/../lib/gcc/arm-none-eabi/12.2.0/../../../../arm-none-eabi/lib/libg.a(lib_a-vfprintf.o)
                0x0000000002027a70                _vfprintf_r
 .text.__sbprintf
                0x000000000202b17c       0xd4 /opt/devkitpro/devkitARM/bin/../lib/gcc/arm-none-eabi/12.2.0/../../../../arm-none-eabi/lib/libg.a(lib_a-vfprintf.o)
 .text._wcrtomb_r
                0x000000000202b250       0x5c /opt/devkitpro/devkitARM/bin/../lib/gcc/arm-none-eabi/12.2.0/../../../../arm-none-eabi/lib/libg.a(lib_a-wcrtomb.o)
                0x000000000202b250                _wcrtomb_r
 .text.wcrtomb  0x000000000202b2ac       0x78 /opt/devkitpro/devkitARM/bin/../lib/gcc/arm-none-eabi/12.2.0/../../../../arm-none-eabi/lib/libg.a(lib_a-wcrtomb.o)
                0x000000000202b2ac                wcrtomb
 .text._wcsrtombs_r
                0x000000000202b324       0x2c /opt/devkitpro/devkitARM/bin/../lib/gcc/arm-none-eabi/12.2.0/../../../../arm-none-eabi/lib/libg.a(lib_a-wcsrtombs.o)
                0x000000000202b324                _wcsrtombs_r
 .text.wctob    0x000000000202b350       0x70 /opt/devkitpro/devkitARM/bin/../lib/gcc/arm-none-eabi/12.2.0/../../../../arm-none-eabi/lib/libg.a(lib_a-wctob.o)
                0x000000000202b350                wctob
 .text.__utf8_wctomb
                0x000000000202b3c0       0xf4 /opt/devkitpro/devkitARM/bin/../lib/gcc/arm-none-eabi/12.2.0/../../../../arm-none-eabi/lib/libg.a(lib_a-wctomb_r.o)
                0x000000000202b3c0                __utf8_wctomb
 .text.__swsetup_r
                0x000000000202b4b4      0x148 /opt/devkitpro/devkitARM/bin/../lib/gcc/arm-none-eabi/12.2.0/../../../../arm-none-eabi/lib/libg.a(lib_a-wsetup.o)
                0x000000000202b4b4                __swsetup_r
 .text.abort    0x000000000202b5fc       0x14 /opt/devkitpro/devkitARM/bin/../lib/gcc/arm-none-eabi/12.2.0/../../../../arm-none-eabi/lib/libg.a(lib_a-abort.o)
                0x000000000202b5fc                abort
 .text.__call_exitprocs
                0x000000000202b610      0x124 /opt/devkitpro/devkitARM/bin/../lib/gcc/arm-none-eabi/12.2.0/../../../../arm-none-eabi/lib/libg.a(lib_a-__call_atexit.o)
                0x000000000202b610                __call_exitprocs
 .text.div      0x000000000202b734       0x2c /opt/devkitpro/devkitARM/bin/../lib/gcc/arm-none-eabi/12.2.0/../../../../arm-none-eabi/lib/libg.a(lib_a-div.o)
                0x000000000202b734                div
 .text.quorem   0x000000000202b760      0x1d0 /opt/devkitpro/devkitARM/bin/../lib/gcc/arm-none-eabi/12.2.0/../../../../arm-none-eabi/lib/libg.a(lib_a-dtoa.o)
 .text._dtoa_r  0x000000000202b930     0x1658 /opt/devkitpro/devkitARM/bin/../lib/gcc/arm-none-eabi/12.2.0/../../../../arm-none-eabi/lib/libg.a(lib_a-dtoa.o)
                0x000000000202b930                _dtoa_r
 .text.__sflags
                0x000000000202cf88       0xd0 /opt/devkitpro/devkitARM/bin/../lib/gcc/arm-none-eabi/12.2.0/../../../../arm-none-eabi/lib/libg.a(lib_a-flags.o)
                0x000000000202cf88                __sflags
 .text.__sfvwrite_r
                0x000000000202d058      0x4c8 /opt/devkitpro/devkitARM/bin/../lib/gcc/arm-none-eabi/12.2.0/../../../../arm-none-eabi/lib/libg.a(lib_a-fvwrite.o)
                0x000000000202d058                __sfvwrite_r
 .text._findenv_r
                0x000000000202d520       0xd0 /opt/devkitpro/devkitARM/bin/../lib/gcc/arm-none-eabi/12.2.0/../../../../arm-none-eabi/lib/libg.a(lib_a-getenv_r.o)
                0x000000000202d520                _findenv_r
 .text._getenv_r
                0x000000000202d5f0       0x1c /opt/devkitpro/devkitARM/bin/../lib/gcc/arm-none-eabi/12.2.0/../../../../arm-none-eabi/lib/libg.a(lib_a-getenv_r.o)
                0x000000000202d5f0                _getenv_r
 .text.__gettzinfo
                0x000000000202d60c        0xc /opt/devkitpro/devkitARM/bin/../lib/gcc/arm-none-eabi/12.2.0/../../../../arm-none-eabi/lib/libg.a(lib_a-gettzinfo.o)
                0x000000000202d60c                __gettzinfo
 .text.gmtime_r
                0x000000000202d618      0x26c /opt/devkitpro/devkitARM/bin/../lib/gcc/arm-none-eabi/12.2.0/../../../../arm-none-eabi/lib/libg.a(lib_a-gmtime_r.o)
                0x000000000202d618                gmtime_r
 .text._localeconv_r
                0x000000000202d884        0xc /opt/devkitpro/devkitARM/bin/../lib/gcc/arm-none-eabi/12.2.0/../../../../arm-none-eabi/lib/libg.a(lib_a-localeconv.o)
                0x000000000202d884                _localeconv_r
 .text._mbsnrtowcs_r
                0x000000000202d890      0x104 /opt/devkitpro/devkitARM/bin/../lib/gcc/arm-none-eabi/12.2.0/../../../../arm-none-eabi/lib/libg.a(lib_a-mbsnrtowcs.o)
                0x000000000202d890                _mbsnrtowcs_r
 .text.memchr   0x000000000202d994       0xf4 /opt/devkitpro/devkitARM/bin/../lib/gcc/arm-none-eabi/12.2.0/../../../../arm-none-eabi/lib/libg.a(lib_a-memchr-stub.o)
                0x000000000202d994                memchr
 .text._Balloc  0x000000000202da88       0x8c /opt/devkitpro/devkitARM/bin/../lib/gcc/arm-none-eabi/12.2.0/../../../../arm-none-eabi/lib/libg.a(lib_a-mprec.o)
                0x000000000202da88                _Balloc
 .text._Bfree   0x000000000202db14       0x1c /opt/devkitpro/devkitARM/bin/../lib/gcc/arm-none-eabi/12.2.0/../../../../arm-none-eabi/lib/libg.a(lib_a-mprec.o)
                0x000000000202db14                _Bfree
 .text.__multadd
                0x000000000202db30      0x100 /opt/devkitpro/devkitARM/bin/../lib/gcc/arm-none-eabi/12.2.0/../../../../arm-none-eabi/lib/libg.a(lib_a-mprec.o)
                0x000000000202db30                __multadd
 .text.__hi0bits
                0x000000000202dc30       0x60 /opt/devkitpro/devkitARM/bin/../lib/gcc/arm-none-eabi/12.2.0/../../../../arm-none-eabi/lib/libg.a(lib_a-mprec.o)
                0x000000000202dc30                __hi0bits
 .text.__lo0bits
                0x000000000202dc90       0xa0 /opt/devkitpro/devkitARM/bin/../lib/gcc/arm-none-eabi/12.2.0/../../../../arm-none-eabi/lib/libg.a(lib_a-mprec.o)
                0x000000000202dc90                __lo0bits
 .text.__i2b    0x000000000202dd30       0xa8 /opt/devkitpro/devkitARM/bin/../lib/gcc/arm-none-eabi/12.2.0/../../../../arm-none-eabi/lib/libg.a(lib_a-mprec.o)
                0x000000000202dd30                __i2b
 .text.__multiply
                0x000000000202ddd8      0x218 /opt/devkitpro/devkitARM/bin/../lib/gcc/arm-none-eabi/12.2.0/../../../../arm-none-eabi/lib/libg.a(lib_a-mprec.o)
                0x000000000202ddd8                __multiply
 .text.__pow5mult
                0x000000000202dff0      0x128 /opt/devkitpro/devkitARM/bin/../lib/gcc/arm-none-eabi/12.2.0/../../../../arm-none-eabi/lib/libg.a(lib_a-mprec.o)
                0x000000000202dff0                __pow5mult
 .text.__lshift
                0x000000000202e118      0x144 /opt/devkitpro/devkitARM/bin/../lib/gcc/arm-none-eabi/12.2.0/../../../../arm-none-eabi/lib/libg.a(lib_a-mprec.o)
                0x000000000202e118                __lshift
 .text.__mcmp   0x000000000202e25c       0x54 /opt/devkitpro/devkitARM/bin/../lib/gcc/arm-none-eabi/12.2.0/../../../../arm-none-eabi/lib/libg.a(lib_a-mprec.o)
                0x000000000202e25c                __mcmp
 .text.__mdiff  0x000000000202e2b0      0x204 /opt/devkitpro/devkitARM/bin/../lib/gcc/arm-none-eabi/12.2.0/../../../../arm-none-eabi/lib/libg.a(lib_a-mprec.o)
                0x000000000202e2b0                __mdiff
 .text.__d2b    0x000000000202e4b4      0x128 /opt/devkitpro/devkitARM/bin/../lib/gcc/arm-none-eabi/12.2.0/../../../../arm-none-eabi/lib/libg.a(lib_a-mprec.o)
                0x000000000202e4b4                __d2b
 .text.frexp    0x000000000202e5dc       0xa4 /opt/devkitpro/devkitARM/bin/../lib/gcc/arm-none-eabi/12.2.0/../../../../arm-none-eabi/lib/libg.a(lib_a-s_frexp.o)
                0x000000000202e5dc                frexp
 .text._raise_r
                0x000000000202e680       0x94 /opt/devkitpro/devkitARM/bin/../lib/gcc/arm-none-eabi/12.2.0/../../../../arm-none-eabi/lib/libg.a(lib_a-signal.o)
                0x000000000202e680                _raise_r
 .text.raise    0x000000000202e714       0x18 /opt/devkitpro/devkitARM/bin/../lib/gcc/arm-none-eabi/12.2.0/../../../../arm-none-eabi/lib/libg.a(lib_a-signal.o)
                0x000000000202e714                raise
 .text.siscanf  0x000000000202e72c       0x74 /opt/devkitpro/devkitARM/bin/../lib/gcc/arm-none-eabi/12.2.0/../../../../arm-none-eabi/lib/libg.a(lib_a-siscanf.o)
                0x000000000202e72c                siscanf
 .text._strtoul_l.constprop.0
                0x000000000202e7a0      0x1c8 /opt/devkitpro/devkitARM/bin/../lib/gcc/arm-none-eabi/12.2.0/../../../../arm-none-eabi/lib/libg.a(lib_a-strtoul.o)
 .text._strtoul_r
                0x000000000202e968        0x4 /opt/devkitpro/devkitARM/bin/../lib/gcc/arm-none-eabi/12.2.0/../../../../arm-none-eabi/lib/libg.a(lib_a-strtoul.o)
                0x000000000202e968                _strtoul_r
 .text.strtoul  0x000000000202e96c       0x28 /opt/devkitpro/devkitARM/bin/../lib/gcc/arm-none-eabi/12.2.0/../../../../arm-none-eabi/lib/libg.a(lib_a-strtoul.o)
                0x000000000202e96c                strtoul
 .text.__ssprint_r
                0x000000000202e994      0x18c /opt/devkitpro/devkitARM/bin/../lib/gcc/arm-none-eabi/12.2.0/../../../../arm-none-eabi/lib/libg.a(lib_a-svfiprintf.o)
                0x000000000202e994                __ssprint_r
 .text.get_arg  0x000000000202eb20       0x54 /opt/devkitpro/devkitARM/bin/../lib/gcc/arm-none-eabi/12.2.0/../../../../arm-none-eabi/lib/libg.a(lib_a-svfiscanf.o)
 .text._sungetc_r
                0x000000000202eb74       0xdc /opt/devkitpro/devkitARM/bin/../lib/gcc/arm-none-eabi/12.2.0/../../../../arm-none-eabi/lib/libg.a(lib_a-svfiscanf.o)
                0x000000000202eb74                _sungetc_r
 .text.__ssrefill_r
                0x000000000202ec50       0x68 /opt/devkitpro/devkitARM/bin/../lib/gcc/arm-none-eabi/12.2.0/../../../../arm-none-eabi/lib/libg.a(lib_a-svfiscanf.o)
                0x000000000202ec50                __ssrefill_r
 .text._sfread_r
                0x000000000202ecb8       0xc8 /opt/devkitpro/devkitARM/bin/../lib/gcc/arm-none-eabi/12.2.0/../../../../arm-none-eabi/lib/libg.a(lib_a-svfiscanf.o)
                0x000000000202ecb8                _sfread_r
 .text.__ssvfiscanf_r
                0x000000000202ed80     0x2338 /opt/devkitpro/devkitARM/bin/../lib/gcc/arm-none-eabi/12.2.0/../../../../arm-none-eabi/lib/libg.a(lib_a-svfiscanf.o)
                0x000000000202ed80                __ssvfiscanf_r
 .text.towctrans
                0x00000000020310b8       0x48 /opt/devkitpro/devkitARM/bin/../lib/gcc/arm-none-eabi/12.2.0/../../../../arm-none-eabi/lib/libg.a(lib_a-towctrans.o)
                0x00000000020310b8                towctrans
 .text.__submore
                0x0000000002031100       0xa8 /opt/devkitpro/devkitARM/bin/../lib/gcc/arm-none-eabi/12.2.0/../../../../arm-none-eabi/lib/libg.a(lib_a-ungetc.o)
                0x0000000002031100                __submore
 .text._wcsnrtombs_l
                0x00000000020311a8      0x198 /opt/devkitpro/devkitARM/bin/../lib/gcc/arm-none-eabi/12.2.0/../../../../arm-none-eabi/lib/libg.a(lib_a-wcsnrtombs.o)
                0x00000000020311a8                _wcsnrtombs_l
 .text._wcsnrtombs_r
                0x0000000002031340       0x50 /opt/devkitpro/devkitARM/bin/../lib/gcc/arm-none-eabi/12.2.0/../../../../arm-none-eabi/lib/libg.a(lib_a-wcsnrtombs.o)
                0x0000000002031340                _wcsnrtombs_r
 .text.__env_lock
                0x0000000002031390       0x18 /opt/devkitpro/devkitARM/bin/../lib/gcc/arm-none-eabi/12.2.0/../../../../arm-none-eabi/lib/libg.a(lib_a-envlock.o)
                0x0000000002031390                __env_lock
 .text.__env_unlock
                0x00000000020313a8       0x18 /opt/devkitpro/devkitARM/bin/../lib/gcc/arm-none-eabi/12.2.0/../../../../arm-none-eabi/lib/libg.a(lib_a-envlock.o)
                0x00000000020313a8                __env_unlock
 .text.iswspace
                0x00000000020313c0       0x14 /opt/devkitpro/devkitARM/bin/../lib/gcc/arm-none-eabi/12.2.0/../../../../arm-none-eabi/lib/libg.a(lib_a-iswspace.o)
                0x00000000020313c0                iswspace
 .text.__sccl   0x00000000020313d4       0xe4 /opt/devkitpro/devkitARM/bin/../lib/gcc/arm-none-eabi/12.2.0/../../../../arm-none-eabi/lib/libg.a(lib_a-sccl.o)
                0x00000000020313d4                __sccl
 .text._strtoll_l.constprop.0
                0x00000000020314b8      0x234 /opt/devkitpro/devkitARM/bin/../lib/gcc/arm-none-eabi/12.2.0/../../../../arm-none-eabi/lib/libg.a(lib_a-strtoll.o)
 .text._strtoll_r
                0x00000000020316ec        0x4 /opt/devkitpro/devkitARM/bin/../lib/gcc/arm-none-eabi/12.2.0/../../../../arm-none-eabi/lib/libg.a(lib_a-strtoll.o)
                0x00000000020316ec                _strtoll_r
 .text._strtoull_l.constprop.0
                0x00000000020316f0      0x248 /opt/devkitpro/devkitARM/bin/../lib/gcc/arm-none-eabi/12.2.0/../../../../arm-none-eabi/lib/libg.a(lib_a-strtoull.o)
 .text._strtoull_r
                0x0000000002031938        0x4 /opt/devkitpro/devkitARM/bin/../lib/gcc/arm-none-eabi/12.2.0/../../../../arm-none-eabi/lib/libg.a(lib_a-strtoull.o)
                0x0000000002031938                _strtoull_r
 .text.towctrans_l
                0x000000000203193c      0x274 /opt/devkitpro/devkitARM/bin/../lib/gcc/arm-none-eabi/12.2.0/../../../../arm-none-eabi/lib/libg.a(lib_a-towctrans_l.o)
                0x000000000203193c                towctrans_l
 .text.iswspace_l
                0x0000000002031bb0       0x44 /opt/devkitpro/devkitARM/bin/../lib/gcc/arm-none-eabi/12.2.0/../../../../arm-none-eabi/lib/libg.a(lib_a-iswspace_l.o)
                0x0000000002031bb0                iswspace_l
 .text.__jp2uc  0x0000000002031bf4      0x1e8 /opt/devkitpro/devkitARM/bin/../lib/gcc/arm-none-eabi/12.2.0/../../../../arm-none-eabi/lib/libg.a(lib_a-jp2uc.o)
 .text._jp2uc_l
                0x0000000002031ddc       0x94 /opt/devkitpro/devkitARM/bin/../lib/gcc/arm-none-eabi/12.2.0/../../../../arm-none-eabi/lib/libg.a(lib_a-jp2uc.o)
                0x0000000002031ddc                _jp2uc_l
 .text._uc2jp_l
                0x0000000002031e70       0x74 /opt/devkitpro/devkitARM/bin/../lib/gcc/arm-none-eabi/12.2.0/../../../../arm-none-eabi/lib/libg.a(lib_a-jp2uc.o)
                0x0000000002031e70                _uc2jp_l
 .text.category
                0x0000000002031ee4       0x94 /opt/devkitpro/devkitARM/bin/../lib/gcc/arm-none-eabi/12.2.0/../../../../arm-none-eabi/lib/libg.a(lib_a-categories.o)
                0x0000000002031ee4                category
 .text.null_write
                0x0000000002031f78        0x8 /opt/devkitpro/devkitARM/bin/../lib/gcc/arm-none-eabi/12.2.0/../../../../arm-none-eabi/lib/libsysbase.a(iosupport.o)
 .text.setDefaultDevice
                0x0000000002031f80       0x18 /opt/devkitpro/devkitARM/bin/../lib/gcc/arm-none-eabi/12.2.0/../../../../arm-none-eabi/lib/libsysbase.a(iosupport.o)
                0x0000000002031f80                setDefaultDevice
 .text.FindDevice
                0x0000000002031f98       0xd4 /opt/devkitpro/devkitARM/bin/../lib/gcc/arm-none-eabi/12.2.0/../../../../arm-none-eabi/lib/libsysbase.a(iosupport.o)
                0x0000000002031f98                FindDevice
 .text.AddDevice
                0x000000000203206c       0xa4 /opt/devkitpro/devkitARM/bin/../lib/gcc/arm-none-eabi/12.2.0/../../../../arm-none-eabi/lib/libsysbase.a(iosupport.o)
                0x000000000203206c                AddDevice
 .text.GetDeviceOpTab
                0x0000000002032110       0x24 /opt/devkitpro/devkitARM/bin/../lib/gcc/arm-none-eabi/12.2.0/../../../../arm-none-eabi/lib/libsysbase.a(iosupport.o)
                0x0000000002032110                GetDeviceOpTab
 .text._fstat_r
                0x0000000002032134       0x7c /opt/devkitpro/devkitARM/bin/../lib/gcc/arm-none-eabi/12.2.0/../../../../arm-none-eabi/lib/libsysbase.a(fstat.o)
                0x0000000002032134                _fstat_r
 .text._getpid_r
                0x00000000020321b0       0x14 /opt/devkitpro/devkitARM/bin/../lib/gcc/arm-none-eabi/12.2.0/../../../../arm-none-eabi/lib/libsysbase.a(getpid.o)
                0x00000000020321b0                _getpid_r
 .text._gettimeofday_r
                0x00000000020321c4       0x34 /opt/devkitpro/devkitARM/bin/../lib/gcc/arm-none-eabi/12.2.0/../../../../arm-none-eabi/lib/libsysbase.a(gettod.o)
                0x00000000020321c4                _gettimeofday_r
 .text._isatty_r
                0x00000000020321f8        0x8 /opt/devkitpro/devkitARM/bin/../lib/gcc/arm-none-eabi/12.2.0/../../../../arm-none-eabi/lib/libsysbase.a(isatty.o)
                0x00000000020321f8                _isatty_r
 .text._kill_r  0x0000000002032200       0x14 /opt/devkitpro/devkitARM/bin/../lib/gcc/arm-none-eabi/12.2.0/../../../../arm-none-eabi/lib/libsysbase.a(kill.o)
                0x0000000002032200                _kill_r
 .text._lseek_r
                0x0000000002032214       0x88 /opt/devkitpro/devkitARM/bin/../lib/gcc/arm-none-eabi/12.2.0/../../../../arm-none-eabi/lib/libsysbase.a(lseek.o)
                0x0000000002032214                _lseek_r
 .text._open_r  0x000000000203229c       0xc8 /opt/devkitpro/devkitARM/bin/../lib/gcc/arm-none-eabi/12.2.0/../../../../arm-none-eabi/lib/libsysbase.a(open.o)
                0x000000000203229c                _open_r
 .text._read_r  0x0000000002032364       0x84 /opt/devkitpro/devkitARM/bin/../lib/gcc/arm-none-eabi/12.2.0/../../../../arm-none-eabi/lib/libsysbase.a(read.o)
                0x0000000002032364                _read_r
 .text._sbrk_r  0x00000000020323e8       0x7c /opt/devkitpro/devkitARM/bin/../lib/gcc/arm-none-eabi/12.2.0/../../../../arm-none-eabi/lib/libsysbase.a(sbrk.o)
                0x00000000020323e8                _sbrk_r
 .text._write_r
                0x0000000002032464       0x84 /opt/devkitpro/devkitARM/bin/../lib/gcc/arm-none-eabi/12.2.0/../../../../arm-none-eabi/lib/libsysbase.a(write.o)
                0x0000000002032464                _write_r
 .text._exit    0x00000000020324e8       0x20 /opt/devkitpro/devkitARM/bin/../lib/gcc/arm-none-eabi/12.2.0/../../../../arm-none-eabi/lib/libsysbase.a(_exit.o)
                0x00000000020324e8                _exit
 .text._concatenate_path
                0x0000000002032508      0x1b0 /opt/devkitpro/devkitARM/bin/../lib/gcc/arm-none-eabi/12.2.0/../../../../arm-none-eabi/lib/libsysbase.a(chdir.o)
                0x0000000002032508                _concatenate_path
 .text.chdir    0x00000000020326b8      0x148 /opt/devkitpro/devkitARM/bin/../lib/gcc/arm-none-eabi/12.2.0/../../../../arm-none-eabi/lib/libsysbase.a(chdir.o)
                0x00000000020326b8                chdir
 .text.getcwd   0x0000000002032800       0x8c /opt/devkitpro/devkitARM/bin/../lib/gcc/arm-none-eabi/12.2.0/../../../../arm-none-eabi/lib/libsysbase.a(chdir.o)
                0x0000000002032800                getcwd
 .text.build_argv
                0x000000000203288c       0x80 /opt/devkitpro/devkitARM/bin/../lib/gcc/arm-none-eabi/12.2.0/../../../../arm-none-eabi/lib/libsysbase.a(build_argv.o)
                0x000000000203288c                build_argv
 .text.__flockfile
                0x000000000203290c       0x14 /opt/devkitpro/devkitARM/bin/../lib/gcc/arm-none-eabi/12.2.0/../../../../arm-none-eabi/lib/libsysbase.a(flock.o)
                0x000000000203290c                __flockfile
 .text.__funlockfile
                0x0000000002032920       0x14 /opt/devkitpro/devkitARM/bin/../lib/gcc/arm-none-eabi/12.2.0/../../../../arm-none-eabi/lib/libsysbase.a(flock.o)
                0x0000000002032920                __funlockfile
 .text.__release_handle
                0x0000000002032934       0x90 /opt/devkitpro/devkitARM/bin/../lib/gcc/arm-none-eabi/12.2.0/../../../../arm-none-eabi/lib/libsysbase.a(handle_manager.o)
                0x0000000002032934                __release_handle
 .text.__alloc_handle
                0x00000000020329c4       0xb4 /opt/devkitpro/devkitARM/bin/../lib/gcc/arm-none-eabi/12.2.0/../../../../arm-none-eabi/lib/libsysbase.a(handle_manager.o)
                0x00000000020329c4                __alloc_handle
 .text.__get_handle
                0x0000000002032a78       0x40 /opt/devkitpro/devkitARM/bin/../lib/gcc/arm-none-eabi/12.2.0/../../../../arm-none-eabi/lib/libsysbase.a(handle_manager.o)
                0x0000000002032a78                __get_handle
 .text._close_r
                0x0000000002032ab8       0xfc /opt/devkitpro/devkitARM/bin/../lib/gcc/arm-none-eabi/12.2.0/../../../../arm-none-eabi/lib/libsysbase.a(handle_manager.o)
                0x0000000002032ab8                _close_r
 .text.__getreent
                0x0000000002032bb4       0x30 /opt/devkitpro/devkitARM/bin/../lib/gcc/arm-none-eabi/12.2.0/../../../../arm-none-eabi/lib/libsysbase.a(getreent.o)
                0x0000000002032bb4                __getreent
 .text.__libc_lock_acquire
                0x0000000002032be4       0x20 /opt/devkitpro/devkitARM/bin/../lib/gcc/arm-none-eabi/12.2.0/../../../../arm-none-eabi/lib/libsysbase.a(syscall_support.o)
                0x0000000002032be4                __libc_lock_acquire
 .text.__libc_lock_release
                0x0000000002032c04       0x20 /opt/devkitpro/devkitARM/bin/../lib/gcc/arm-none-eabi/12.2.0/../../../../arm-none-eabi/lib/libsysbase.a(syscall_support.o)
                0x0000000002032c04                __libc_lock_release
 .text.__libc_lock_init_recursive
                0x0000000002032c24       0x20 /opt/devkitpro/devkitARM/bin/../lib/gcc/arm-none-eabi/12.2.0/../../../../arm-none-eabi/lib/libsysbase.a(syscall_support.o)
                0x0000000002032c24                __libc_lock_init_recursive
 .text.__libc_lock_acquire_recursive
                0x0000000002032c44       0x20 /opt/devkitpro/devkitARM/bin/../lib/gcc/arm-none-eabi/12.2.0/../../../../arm-none-eabi/lib/libsysbase.a(syscall_support.o)
                0x0000000002032c44                __libc_lock_acquire_recursive
 .text.__libc_lock_release_recursive
                0x0000000002032c64       0x20 /opt/devkitpro/devkitARM/bin/../lib/gcc/arm-none-eabi/12.2.0/../../../../arm-none-eabi/lib/libsysbase.a(syscall_support.o)
                0x0000000002032c64                __libc_lock_release_recursive
 .text.__libc_lock_close_recursive
                0x0000000002032c84       0x20 /opt/devkitpro/devkitARM/bin/../lib/gcc/arm-none-eabi/12.2.0/../../../../arm-none-eabi/lib/libsysbase.a(syscall_support.o)
                0x0000000002032c84                __libc_lock_close_recursive
 *fill*         0x0000000002032ca4        0x4 ff
 .text.__libc_lock_close_recursive.__stub
                0x0000000002032ca8      0x218 linker stubs
 *(EXCLUDE_FILE(*.twl*) .gnu.warning)
 *(EXCLUDE_FILE(*.twl*) .gnu.linkonce.t*)
 *(.glue_7)
 .glue_7        0x0000000002032ef0        0x0 linker stubs
 *(.glue_7t)
 .glue_7t       0x0000000002032ef0        0x0 linker stubs
                0x0000000002032ef0                . = ALIGN (0x4)

.vfp11_veneer   0x0000000002032ef0        0x0